Archive member included to satisfy reference by file (symbol)

D:/ProgramData/IDE/STM32CubeIDE_1.17.0/STM32CubeIDE/plugins/com.st.stm32cube.ide.mcu.externaltools.gnu-tools-for-stm32.13.3.rel1.win32_1.0.0.202411081344/tools/bin/../lib/gcc/arm-none-eabi/13.3.1/../../../../arm-none-eabi/lib/thumb/v7e-m+fp/hard\libc_nano.a(libc_a-exit.o)
                              D:/ProgramData/IDE/STM32CubeIDE_1.17.0/STM32CubeIDE/plugins/com.st.stm32cube.ide.mcu.externaltools.gnu-tools-for-stm32.13.3.rel1.win32_1.0.0.202411081344/tools/bin/../lib/gcc/arm-none-eabi/13.3.1/../../../../arm-none-eabi/lib/thumb/v7e-m+fp/hard/crt0.o (exit)
D:/ProgramData/IDE/STM32CubeIDE_1.17.0/STM32CubeIDE/plugins/com.st.stm32cube.ide.mcu.externaltools.gnu-tools-for-stm32.13.3.rel1.win32_1.0.0.202411081344/tools/bin/../lib/gcc/arm-none-eabi/13.3.1/../../../../arm-none-eabi/lib/thumb/v7e-m+fp/hard\libc_nano.a(libc_a-findfp.o)
                              D:/ProgramData/IDE/STM32CubeIDE_1.17.0/STM32CubeIDE/plugins/com.st.stm32cube.ide.mcu.externaltools.gnu-tools-for-stm32.13.3.rel1.win32_1.0.0.202411081344/tools/bin/../lib/gcc/arm-none-eabi/13.3.1/../../../../arm-none-eabi/lib/thumb/v7e-m+fp/hard\libc_nano.a(libc_a-exit.o) (__stdio_exit_handler)
D:/ProgramData/IDE/STM32CubeIDE_1.17.0/STM32CubeIDE/plugins/com.st.stm32cube.ide.mcu.externaltools.gnu-tools-for-stm32.13.3.rel1.win32_1.0.0.202411081344/tools/bin/../lib/gcc/arm-none-eabi/13.3.1/../../../../arm-none-eabi/lib/thumb/v7e-m+fp/hard\libc_nano.a(libc_a-fwalk.o)
                              D:/ProgramData/IDE/STM32CubeIDE_1.17.0/STM32CubeIDE/plugins/com.st.stm32cube.ide.mcu.externaltools.gnu-tools-for-stm32.13.3.rel1.win32_1.0.0.202411081344/tools/bin/../lib/gcc/arm-none-eabi/13.3.1/../../../../arm-none-eabi/lib/thumb/v7e-m+fp/hard\libc_nano.a(libc_a-findfp.o) (_fwalk_sglue)
D:/ProgramData/IDE/STM32CubeIDE_1.17.0/STM32CubeIDE/plugins/com.st.stm32cube.ide.mcu.externaltools.gnu-tools-for-stm32.13.3.rel1.win32_1.0.0.202411081344/tools/bin/../lib/gcc/arm-none-eabi/13.3.1/../../../../arm-none-eabi/lib/thumb/v7e-m+fp/hard\libc_nano.a(libc_a-stdio.o)
                              D:/ProgramData/IDE/STM32CubeIDE_1.17.0/STM32CubeIDE/plugins/com.st.stm32cube.ide.mcu.externaltools.gnu-tools-for-stm32.13.3.rel1.win32_1.0.0.202411081344/tools/bin/../lib/gcc/arm-none-eabi/13.3.1/../../../../arm-none-eabi/lib/thumb/v7e-m+fp/hard\libc_nano.a(libc_a-findfp.o) (__sread)
D:/ProgramData/IDE/STM32CubeIDE_1.17.0/STM32CubeIDE/plugins/com.st.stm32cube.ide.mcu.externaltools.gnu-tools-for-stm32.13.3.rel1.win32_1.0.0.202411081344/tools/bin/../lib/gcc/arm-none-eabi/13.3.1/../../../../arm-none-eabi/lib/thumb/v7e-m+fp/hard\libc_nano.a(libc_a-memset.o)
                              D:/ProgramData/IDE/STM32CubeIDE_1.17.0/STM32CubeIDE/plugins/com.st.stm32cube.ide.mcu.externaltools.gnu-tools-for-stm32.13.3.rel1.win32_1.0.0.202411081344/tools/bin/../lib/gcc/arm-none-eabi/13.3.1/../../../../arm-none-eabi/lib/thumb/v7e-m+fp/hard/crt0.o (memset)
D:/ProgramData/IDE/STM32CubeIDE_1.17.0/STM32CubeIDE/plugins/com.st.stm32cube.ide.mcu.externaltools.gnu-tools-for-stm32.13.3.rel1.win32_1.0.0.202411081344/tools/bin/../lib/gcc/arm-none-eabi/13.3.1/../../../../arm-none-eabi/lib/thumb/v7e-m+fp/hard\libc_nano.a(libc_a-closer.o)
                              D:/ProgramData/IDE/STM32CubeIDE_1.17.0/STM32CubeIDE/plugins/com.st.stm32cube.ide.mcu.externaltools.gnu-tools-for-stm32.13.3.rel1.win32_1.0.0.202411081344/tools/bin/../lib/gcc/arm-none-eabi/13.3.1/../../../../arm-none-eabi/lib/thumb/v7e-m+fp/hard\libc_nano.a(libc_a-stdio.o) (_close_r)
D:/ProgramData/IDE/STM32CubeIDE_1.17.0/STM32CubeIDE/plugins/com.st.stm32cube.ide.mcu.externaltools.gnu-tools-for-stm32.13.3.rel1.win32_1.0.0.202411081344/tools/bin/../lib/gcc/arm-none-eabi/13.3.1/../../../../arm-none-eabi/lib/thumb/v7e-m+fp/hard\libc_nano.a(libc_a-reent.o)
                              D:/ProgramData/IDE/STM32CubeIDE_1.17.0/STM32CubeIDE/plugins/com.st.stm32cube.ide.mcu.externaltools.gnu-tools-for-stm32.13.3.rel1.win32_1.0.0.202411081344/tools/bin/../lib/gcc/arm-none-eabi/13.3.1/../../../../arm-none-eabi/lib/thumb/v7e-m+fp/hard\libc_nano.a(libc_a-closer.o) (errno)
D:/ProgramData/IDE/STM32CubeIDE_1.17.0/STM32CubeIDE/plugins/com.st.stm32cube.ide.mcu.externaltools.gnu-tools-for-stm32.13.3.rel1.win32_1.0.0.202411081344/tools/bin/../lib/gcc/arm-none-eabi/13.3.1/../../../../arm-none-eabi/lib/thumb/v7e-m+fp/hard\libc_nano.a(libc_a-impure.o)
                              D:/ProgramData/IDE/STM32CubeIDE_1.17.0/STM32CubeIDE/plugins/com.st.stm32cube.ide.mcu.externaltools.gnu-tools-for-stm32.13.3.rel1.win32_1.0.0.202411081344/tools/bin/../lib/gcc/arm-none-eabi/13.3.1/../../../../arm-none-eabi/lib/thumb/v7e-m+fp/hard\libc_nano.a(libc_a-reent.o) (_impure_ptr)
[...]
Memory Configuration

Name             Origin             Length             Attributes
CCMRAM           0x10000000         0x00010000         xrw
RAM              0x20000000         0x00030000         xrw
FLASH            0x08000000         0x00200000         xr
*default*        0x00000000         0xffffffff

Linker script and memory map

LOAD D:/ProgramData/IDE/STM32CubeIDE_1.17.0/STM32CubeIDE/plugins/com.st.stm32cube.ide.mcu.externaltools.gnu-tools-for-stm32.13.3.rel1.win32_1.0.0.202411081344/tools/bin/../lib/gcc/arm-none-eabi/13.3.1/thumb/v7e-m+fp/hard/crti.o
LOAD D:/ProgramData/IDE/STM32CubeIDE_1.17.0/STM32CubeIDE/plugins/com.st.stm32cube.ide.mcu.externaltools.gnu-tools-for-stm32.13.3.rel1.win32_1.0.0.202411081344/tools/bin/../lib/gcc/arm-none-eabi/13.3.1/thumb/v7e-m+fp/hard/crtbegin.o
LOAD D:/ProgramData/IDE/STM32CubeIDE_1.17.0/STM32CubeIDE/plugins/com.st.stm32cube.ide.mcu.externaltools.gnu-tools-for-stm32.13.3.rel1.win32_1.0.0.202411081344/tools/bin/../lib/gcc/arm-none-eabi/13.3.1/../../../../arm-none-eabi/lib/thumb/v7e-m+fp/hard/crt0.o
LOAD ./Core/Src/adc_control.o
LOAD ./Core/Src/main.o
LOAD ./Core/Src/mapPinKey.o
LOAD ./Core/Src/stm32f4xx_hal_msp.o
LOAD ./Core/Src/stm32f4xx_it.o
LOAD ./Core/Src/syscalls.o
LOAD ./Core/Src/sysmem.o
LOAD ./Core/Src/system_stm32f4xx.o
LOAD ./Core/Startup/startup_stm32f429zitx.o
LOAD ./Drivers/STM32F4xx_HAL_Driver/Src/stm32f4xx_hal.o
LOAD ./Drivers/STM32F4xx_HAL_Driver/Src/stm32f4xx_hal_adc.o
LOAD ./Drivers/STM32F4xx_HAL_Driver/Src/stm32f4xx_hal_adc_ex.o
LOAD ./Drivers/STM32F4xx_HAL_Driver/Src/stm32f4xx_hal_cortex.o
LOAD ./Drivers/STM32F4xx_HAL_Driver/Src/stm32f4xx_hal_dma.o
LOAD ./Drivers/STM32F4xx_HAL_Driver/Src/stm32f4xx_hal_dma_ex.o
LOAD ./Drivers/STM32F4xx_HAL_Driver/Src/stm32f4xx_hal_exti.o
LOAD ./Drivers/STM32F4xx_HAL_Driver/Src/stm32f4xx_hal_flash.o
LOAD ./Drivers/STM32F4xx_HAL_Driver/Src/stm32f4xx_hal_flash_ex.o
LOAD ./Drivers/STM32F4xx_HAL_Driver/Src/stm32f4xx_hal_flash_ramfunc.o
LOAD ./Drivers/STM32F4xx_HAL_Driver/Src/stm32f4xx_hal_gpio.o
LOAD ./Drivers/STM32F4xx_HAL_Driver/Src/stm32f4xx_hal_pcd.o
LOAD ./Drivers/STM32F4xx_HAL_Driver/Src/stm32f4xx_hal_pcd_ex.o
LOAD ./Drivers/STM32F4xx_HAL_Driver/Src/stm32f4xx_hal_pwr.o
LOAD ./Drivers/STM32F4xx_HAL_Driver/Src/stm32f4xx_hal_pwr_ex.o
LOAD ./Drivers/STM32F4xx_HAL_Driver/Src/stm32f4xx_hal_rcc.o
LOAD ./Drivers/STM32F4xx_HAL_Driver/Src/stm32f4xx_hal_rcc_ex.o
LOAD ./Drivers/STM32F4xx_HAL_Driver/Src/stm32f4xx_hal_uart.o
LOAD ./Drivers/STM32F4xx_HAL_Driver/Src/stm32f4xx_ll_adc.o
LOAD ./Drivers/STM32F4xx_HAL_Driver/Src/stm32f4xx_ll_usb.o
LOAD ./Middlewares/ST/STM32_USB_Device_Library/Class/HID/Src/usbd_hid.o
LOAD ./Middlewares/ST/STM32_USB_Device_Library/Core/Src/usbd_core.o
LOAD ./Middlewares/ST/STM32_USB_Device_Library/Core/Src/usbd_ctlreq.o
LOAD ./Middlewares/ST/STM32_USB_Device_Library/Core/Src/usbd_ioreq.o
LOAD ./USB_DEVICE/App/usb_device.o
LOAD ./USB_DEVICE/App/usbd_desc.o
LOAD ./USB_DEVICE/Target/usbd_conf.o
START GROUP
LOAD D:/ProgramData/IDE/STM32CubeIDE_1.17.0/STM32CubeIDE/plugins/com.st.stm32cube.ide.mcu.externaltools.gnu-tools-for-stm32.13.3.rel1.win32_1.0.0.202411081344/tools/bin/../lib/gcc/arm-none-eabi/13.3.1/../../../../arm-none-eabi/lib/thumb/v7e-m+fp/hard\libc_nano.a
LOAD D:/ProgramData/IDE/STM32CubeIDE_1.17.0/STM32CubeIDE/plugins/com.st.stm32cube.ide.mcu.externaltools.gnu-tools-for-stm32.13.3.rel1.win32_1.0.0.202411081344/tools/bin/../lib/gcc/arm-none-eabi/13.3.1/../../../../arm-none-eabi/lib/thumb/v7e-m+fp/hard\libm.a
END GROUP
START GROUP
LOAD D:/ProgramData/IDE/STM32CubeIDE_1.17.0/STM32CubeIDE/plugins/com.st.stm32cube.ide.mcu.externaltools.gnu-tools-for-stm32.13.3.rel1.win32_1.0.0.202411081344/tools/bin/../lib/gcc/arm-none-eabi/13.3.1/thumb/v7e-m+fp/hard\libgcc.a
LOAD D:/ProgramData/IDE/STM32CubeIDE_1.17.0/STM32CubeIDE/plugins/com.st.stm32cube.ide.mcu.externaltools.gnu-tools-for-stm32.13.3.rel1.win32_1.0.0.202411081344/tools/bin/../lib/gcc/arm-none-eabi/13.3.1/../../../../arm-none-eabi/lib/thumb/v7e-m+fp/hard\libc_nano.a
END GROUP
START GROUP
LOAD D:/ProgramData/IDE/STM32CubeIDE_1.17.0/STM32CubeIDE/plugins/com.st.stm32cube.ide.mcu.externaltools.gnu-tools-for-stm32.13.3.rel1.win32_1.0.0.202411081344/tools/bin/../lib/gcc/arm-none-eabi/13.3.1/thumb/v7e-m+fp/hard\libgcc.a
LOAD D:/ProgramData/IDE/STM32CubeIDE_1.17.0/STM32CubeIDE/plugins/com.st.stm32cube.ide.mcu.externaltools.gnu-tools-for-stm32.13.3.rel1.win32_1.0.0.202411081344/tools/bin/../lib/gcc/arm-none-eabi/13.3.1/../../../../arm-none-eabi/lib/thumb/v7e-m+fp/hard\libc_nano.a
LOAD D:/ProgramData/IDE/STM32CubeIDE_1.17.0/STM32CubeIDE/plugins/com.st.stm32cube.ide.mcu.externaltools.gnu-tools-for-stm32.13.3.rel1.win32_1.0.0.202411081344/tools/bin/../lib/gcc/arm-none-eabi/13.3.1/../../../../arm-none-eabi/lib/thumb/v7e-m+fp/hard\libnosys.a
END GROUP
START GROUP
LOAD D:/ProgramData/IDE/STM32CubeIDE_1.17.0/STM32CubeIDE/plugins/com.st.stm32cube.ide.mcu.externaltools.gnu-tools-for-stm32.13.3.rel1.win32_1.0.0.202411081344/tools/bin/../lib/gcc/arm-none-eabi/13.3.1/thumb/v7e-m+fp/hard\libgcc.a
LOAD D:/ProgramData/IDE/STM32CubeIDE_1.17.0/STM32CubeIDE/plugins/com.st.stm32cube.ide.mcu.externaltools.gnu-tools-for-stm32.13.3.rel1.win32_1.0.0.202411081344/tools/bin/../lib/gcc/arm-none-eabi/13.3.1/../../../../arm-none-eabi/lib/thumb/v7e-m+fp/hard\libc_nano.a
LOAD D:/ProgramData/IDE/STM32CubeIDE_1.17.0/STM32CubeIDE/plugins/com.st.stm32cube.ide.mcu.externaltools.gnu-tools-for-stm32.13.3.rel1.win32_1.0.0.202411081344/tools/bin/../lib/gcc/arm-none-eabi/13.3.1/../../../../arm-none-eabi/lib/thumb/v7e-m+fp/hard\libnosys.a
END GROUP
LOAD D:/ProgramData/IDE/STM32CubeIDE_1.17.0/STM32CubeIDE/plugins/com.st.stm32cube.ide.mcu.externaltools.gnu-tools-for-stm32.13.3.rel1.win32_1.0.0.202411081344/tools/bin/../lib/gcc/arm-none-eabi/13.3.1/thumb/v7e-m+fp/hard/crtend.o
LOAD D:/ProgramData/IDE/STM32CubeIDE_1.17.0/STM32CubeIDE/plugins/com.st.stm32cube.ide.mcu.externaltools.gnu-tools-for-stm32.13.3.rel1.win32_1.0.0.202411081344/tools/bin/../lib/gcc/arm-none-eabi/13.3.1/thumb/v7e-m+fp/hard/crtn.o
                0x20030000                        _estack = (ORIGIN (RAM) + LENGTH (RAM))
                0x00000200                        _Min_Heap_Size = 0x200
                0x00000400                        _Min_Stack_Size = 0x400

.isr_vector     0x08000000      0x1ac
                0x08000000                        . = ALIGN (0x4)
 *(.isr_vector)
 .isr_vector    0x08000000      0x1ac ./Core/Startup/startup_stm32f429zitx.o
                0x08000000                g_pfnVectors
                0x080001ac                        . = ALIGN (0x4)

.text           0x080001ac     0x8cb0
                0x080001ac                        . = ALIGN (0x4)
 *(.text)
 .text          0x080001ac       0x40 D:/ProgramData/IDE/STM32CubeIDE_1.17.0/STM32CubeIDE/plugins/com.st.stm32cube.ide.mcu.externaltools.gnu-tools-for-stm32.13.3.rel1.win32_1.0.0.202411081344/tools/bin/../lib/gcc/arm-none-eabi/13.3.1/thumb/v7e-m+fp/hard/crtbegin.o
 .text          0x080001ec      0x378 D:/ProgramData/IDE/STM32CubeIDE_1.17.0/STM32CubeIDE/plugins/com.st.stm32cube.ide.mcu.externaltools.gnu-tools-for-stm32.13.3.rel1.win32_1.0.0.202411081344/tools/bin/../lib/gcc/arm-none-eabi/13.3.1/thumb/v7e-m+fp/hard\libgcc.a(_arm_addsubdf3.o)
                0x080001ec                __aeabi_drsub
                0x080001f4                __aeabi_dsub
                0x080001f4                __subdf3
                0x080001f8                __aeabi_dadd
                0x080001f8                __adddf3
                0x08000470                __floatunsidf
                0x08000470                __aeabi_ui2d
                0x08000490                __floatsidf
                0x08000490                __aeabi_i2d
                0x080004b4                __aeabi_f2d
                0x080004b4                __extendsfdf2
                0x080004f8                __floatundidf
                0x080004f8                __aeabi_ul2d
                0x08000508                __floatdidf
                0x08000508                __aeabi_l2d
 .text          0x08000564      0x424 D:/ProgramData/IDE/STM32CubeIDE_1.17.0/STM32CubeIDE/plugins/com.st.stm32cube.ide.mcu.externaltools.gnu-tools-for-stm32.13.3.rel1.win32_1.0.0.202411081344/tools/bin/../lib/gcc/arm-none-eabi/13.3.1/thumb/v7e-m+fp/hard\libgcc.a(_arm_muldivdf3.o)
                0x08000564                __aeabi_dmul
                0x08000564                __muldf3
                0x080007b8                __divdf3
                0x080007b8                __aeabi_ddiv
 .text          0x08000988       0x50 D:/ProgramData/IDE/STM32CubeIDE_1.17.0/STM32CubeIDE/plugins/com.st.stm32cube.ide.mcu.externaltools.gnu-tools-for-stm32.13.3.rel1.win32_1.0.0.202411081344/tools/bin/../lib/gcc/arm-none-eabi/13.3.1/thumb/v7e-m+fp/hard\libgcc.a(_arm_fixdfsi.o)
                0x08000988                __aeabi_d2iz
                0x08000988                __fixdfsi
 .text          0x080009d8       0x30 D:/ProgramData/IDE/STM32CubeIDE_1.17.0/STM32CubeIDE/plugins/com.st.stm32cube.ide.mcu.externaltools.gnu-tools-for-stm32.13.3.rel1.win32_1.0.0.202411081344/tools/bin/../lib/gcc/arm-none-eabi/13.3.1/thumb/v7e-m+fp/hard\libgcc.a(_aeabi_uldivmod.o)
                0x080009d8                __aeabi_uldivmod
 .text          0x08000a08      0x2f8 D:/ProgramData/IDE/STM32CubeIDE_1.17.0/STM32CubeIDE/plugins/com.st.stm32cube.ide.mcu.externaltools.gnu-tools-for-stm32.13.3.rel1.win32_1.0.0.202411081344/tools/bin/../lib/gcc/arm-none-eabi/13.3.1/thumb/v7e-m+fp/hard\libgcc.a(_udivmoddi4.o)
                0x08000a08                __udivmoddi4
 .text          0x08000d00        0x4 D:/ProgramData/IDE/STM32CubeIDE_1.17.0/STM32CubeIDE/plugins/com.st.stm32cube.ide.mcu.externaltools.gnu-tools-for-stm32.13.3.rel1.win32_1.0.0.202411081344/tools/bin/../lib/gcc/arm-none-eabi/13.3.1/thumb/v7e-m+fp/hard\libgcc.a(_dvmd_tls.o)
                0x08000d00                __aeabi_idiv0
                0x08000d00                __aeabi_ldiv0
 *(.text*)
 .text.HAL_ADC_ConvCpltCallback
                0x08000d04       0x70 ./Core/Src/adc_control.o
                0x08000d04                HAL_ADC_ConvCpltCallback
 .text.ConvertADCValues
                0x08000d74       0x94 ./Core/Src/adc_control.o
                0x08000d74                ConvertADCValues
 .text.main     0x08000e08      0x170 ./Core/Src/main.o
                0x08000e08                main
 .text.SystemClock_Config
                0x08000f78       0xd4 ./Core/Src/main.o
                0x08000f78                SystemClock_Config
 .text.MX_ADC1_Init
                0x0800104c       0xf8 ./Core/Src/main.o
 .text.MX_USART1_UART_Init
                0x08001144       0x54 ./Core/Src/main.o
 .text.MX_DMA_Init
                0x08001198       0x40 ./Core/Src/main.o
 .text.MX_GPIO_Init
                0x080011d8      0x118 ./Core/Src/main.o
 .text.Error_Handler
                0x080012f0        0xc ./Core/Src/main.o
                0x080012f0                Error_Handler
 .text.AddKeyToReport
                0x080012fc       0x44 ./Core/Src/mapPinKey.o
                0x080012fc                AddKeyToReport
 .text.AddMouseButtonToReport
                0x08001340       0x26 ./Core/Src/mapPinKey.o
                0x08001340                AddMouseButtonToReport
 .text.AddModifierToReport
                0x08001366       0x26 ./Core/Src/mapPinKey.o
                0x08001366                AddModifierToReport
 .text.CreateKeyboardReport
                0x0800138c      0x108 ./Core/Src/mapPinKey.o
                0x0800138c                CreateKeyboardReport
 .text.CreateMouseReport
                0x08001494       0xb0 ./Core/Src/mapPinKey.o
                0x08001494                CreateMouseReport
 .text.HAL_MspInit
                0x08001544       0x50 ./Core/Src/stm32f4xx_hal_msp.o
                0x08001544                HAL_MspInit
 .text.HAL_ADC_MspInit
                0x08001594      0x100 ./Core/Src/stm32f4xx_hal_msp.o
                0x08001594                HAL_ADC_MspInit
 .text.HAL_UART_MspInit
                0x08001694       0x90 ./Core/Src/stm32f4xx_hal_msp.o
                0x08001694                HAL_UART_MspInit
 .text.NMI_Handler
                0x08001724        0x8 ./Core/Src/stm32f4xx_it.o
                0x08001724                NMI_Handler
 .text.HardFault_Handler
                0x0800172c        0x8 ./Core/Src/stm32f4xx_it.o
                0x0800172c                HardFault_Handler
 .text.MemManage_Handler
                0x08001734        0x8 ./Core/Src/stm32f4xx_it.o
                0x08001734                MemManage_Handler
 .text.BusFault_Handler
                0x0800173c        0x8 ./Core/Src/stm32f4xx_it.o
                0x0800173c                BusFault_Handler
 .text.UsageFault_Handler
                0x08001744        0x8 ./Core/Src/stm32f4xx_it.o
                0x08001744                UsageFault_Handler
 .text.SVC_Handler
                0x0800174c        0xe ./Core/Src/stm32f4xx_it.o
                0x0800174c                SVC_Handler
 .text.DebugMon_Handler
                0x0800175a        0xe ./Core/Src/stm32f4xx_it.o
                0x0800175a                DebugMon_Handler
 .text.PendSV_Handler
                0x08001768        0xe ./Core/Src/stm32f4xx_it.o
                0x08001768                PendSV_Handler
 .text.SysTick_Handler
                0x08001776        0xc ./Core/Src/stm32f4xx_it.o
                0x08001776                SysTick_Handler
 *fill*         0x08001782        0x2 
 .text.ADC_IRQHandler
                0x08001784       0x14 ./Core/Src/stm32f4xx_it.o
                0x08001784                ADC_IRQHandler
 .text.DMA2_Stream4_IRQHandler
                0x08001798       0x14 ./Core/Src/stm32f4xx_it.o
                0x08001798                DMA2_Stream4_IRQHandler
 .text.OTG_HS_IRQHandler
                0x080017ac       0x14 ./Core/Src/stm32f4xx_it.o
                0x080017ac                OTG_HS_IRQHandler
 .text.SystemInit
                0x080017c0       0x24 ./Core/Src/system_stm32f4xx.o
                0x080017c0                SystemInit
 .text.Reset_Handler
                0x080017e4       0x50 ./Core/Startup/startup_stm32f429zitx.o
                0x080017e4                Reset_Handler
 .text.Default_Handler
                0x08001834        0x2 ./Core/Startup/startup_stm32f429zitx.o
                0x08001834                RTC_Alarm_IRQHandler
                0x08001834                HASH_RNG_IRQHandler
                0x08001834                EXTI2_IRQHandler
                0x08001834                TIM8_CC_IRQHandler
                0x08001834                UART8_IRQHandler
                0x08001834                SPI4_IRQHandler
                0x08001834                TIM1_CC_IRQHandler
                0x08001834                DMA2_Stream5_IRQHandler
                0x08001834                DMA1_Stream5_IRQHandler
                0x08001834                PVD_IRQHandler
                0x08001834                SDIO_IRQHandler
                0x08001834                TAMP_STAMP_IRQHandler
                0x08001834                CAN2_RX1_IRQHandler
                0x08001834                EXTI3_IRQHandler
                0x08001834                TIM8_TRG_COM_TIM14_IRQHandler
                0x08001834                TIM1_UP_TIM10_IRQHandler
                0x08001834                TIM8_UP_TIM13_IRQHandler
                0x08001834                I2C3_ER_IRQHandler
                0x08001834                EXTI0_IRQHandler
                0x08001834                I2C2_EV_IRQHandler
                0x08001834                DMA1_Stream2_IRQHandler
                0x08001834                CAN1_RX0_IRQHandler
                0x08001834                FPU_IRQHandler
                0x08001834                OTG_HS_WKUP_IRQHandler
                0x08001834                LTDC_ER_IRQHandler
                0x08001834                CAN2_SCE_IRQHandler
                0x08001834                DMA2_Stream2_IRQHandler
                0x08001834                SPI1_IRQHandler
                0x08001834                TIM6_DAC_IRQHandler
                0x08001834                TIM1_BRK_TIM9_IRQHandler
                0x08001834                DCMI_IRQHandler
                0x08001834                CAN2_RX0_IRQHandler
                0x08001834                DMA2_Stream3_IRQHandler
                0x08001834                USART6_IRQHandler
                0x08001834                USART3_IRQHandler
                0x08001834                CAN1_RX1_IRQHandler
                0x08001834                UART5_IRQHandler
                0x08001834                DMA2_Stream0_IRQHandler
                0x08001834                TIM4_IRQHandler
                0x08001834                I2C1_EV_IRQHandler
                0x08001834                DMA1_Stream6_IRQHandler
                0x08001834                DMA1_Stream1_IRQHandler
                0x08001834                UART4_IRQHandler
                0x08001834                TIM3_IRQHandler
                0x08001834                RCC_IRQHandler
                0x08001834                TIM8_BRK_TIM12_IRQHandler
                0x08001834                Default_Handler
                0x08001834                EXTI15_10_IRQHandler
                0x08001834                DMA1_Stream7_IRQHandler
                0x08001834                SPI5_IRQHandler
                0x08001834                TIM7_IRQHandler
                0x08001834                CAN2_TX_IRQHandler
                0x08001834                TIM5_IRQHandler
                0x08001834                DMA2_Stream7_IRQHandler
                0x08001834                I2C3_EV_IRQHandler
                0x08001834                EXTI9_5_IRQHandler
                0x08001834                RTC_WKUP_IRQHandler
                0x08001834                LTDC_IRQHandler
                0x08001834                ETH_WKUP_IRQHandler
                0x08001834                SPI2_IRQHandler
                0x08001834                OTG_HS_EP1_IN_IRQHandler
                0x08001834                DMA1_Stream0_IRQHandler
                0x08001834                CAN1_TX_IRQHandler
                0x08001834                EXTI4_IRQHandler
                0x08001834                ETH_IRQHandler
                0x08001834                OTG_HS_EP1_OUT_IRQHandler
                0x08001834                WWDG_IRQHandler
                0x08001834                SPI6_IRQHandler
                0x08001834                TIM2_IRQHandler
                0x08001834                OTG_FS_WKUP_IRQHandler
                0x08001834                TIM1_TRG_COM_TIM11_IRQHandler
                0x08001834                DMA2D_IRQHandler
                0x08001834                EXTI1_IRQHandler
                0x08001834                UART7_IRQHandler
                0x08001834                USART2_IRQHandler
                0x08001834                I2C2_ER_IRQHandler
                0x08001834                DMA2_Stream1_IRQHandler
                0x08001834                CAN1_SCE_IRQHandler
                0x08001834                FLASH_IRQHandler
                0x08001834                USART1_IRQHandler
                0x08001834                OTG_FS_IRQHandler
                0x08001834                SPI3_IRQHandler
                0x08001834                DMA1_Stream4_IRQHandler
                0x08001834                I2C1_ER_IRQHandler
                0x08001834                FMC_IRQHandler
                0x08001834                DMA2_Stream6_IRQHandler
                0x08001834                SAI1_IRQHandler
                0x08001834                DMA1_Stream3_IRQHandler
 *fill*         0x08001836        0x2 
 .text.HAL_Init
                0x08001838       0x44 ./Drivers/STM32F4xx_HAL_Driver/Src/stm32f4xx_hal.o
                0x08001838                HAL_Init
 .text.HAL_InitTick
                0x0800187c       0x60 ./Drivers/STM32F4xx_HAL_Driver/Src/stm32f4xx_hal.o
                0x0800187c                HAL_InitTick
 .text.HAL_IncTick
                0x080018dc       0x28 ./Drivers/STM32F4xx_HAL_Driver/Src/stm32f4xx_hal.o
                0x080018dc                HAL_IncTick
 .text.HAL_GetTick
                0x08001904       0x18 ./Drivers/STM32F4xx_HAL_Driver/Src/stm32f4xx_hal.o
                0x08001904                HAL_GetTick
 .text.HAL_Delay
                0x0800191c       0x48 ./Drivers/STM32F4xx_HAL_Driver/Src/stm32f4xx_hal.o
                0x0800191c                HAL_Delay
 .text.HAL_ADC_Init
                0x08001964       0x86 ./Drivers/STM32F4xx_HAL_Driver/Src/stm32f4xx_hal_adc.o
                0x08001964                HAL_ADC_Init
 .text.HAL_ADC_IRQHandler
                0x080019ea      0x220 ./Drivers/STM32F4xx_HAL_Driver/Src/stm32f4xx_hal_adc.o
                0x080019ea                HAL_ADC_IRQHandler
 *fill*         0x08001c0a        0x2 
 .text.HAL_ADC_Start_DMA
                0x08001c0c      0x228 ./Drivers/STM32F4xx_HAL_Driver/Src/stm32f4xx_hal_adc.o
                0x08001c0c                HAL_ADC_Start_DMA
 .text.HAL_ADC_ConvHalfCpltCallback
                0x08001e34       0x14 ./Drivers/STM32F4xx_HAL_Driver/Src/stm32f4xx_hal_adc.o
                0x08001e34                HAL_ADC_ConvHalfCpltCallback
 .text.HAL_ADC_LevelOutOfWindowCallback
                0x08001e48       0x14 ./Drivers/STM32F4xx_HAL_Driver/Src/stm32f4xx_hal_adc.o
                0x08001e48                HAL_ADC_LevelOutOfWindowCallback
 .text.HAL_ADC_ErrorCallback
                0x08001e5c       0x14 ./Drivers/STM32F4xx_HAL_Driver/Src/stm32f4xx_hal_adc.o
                0x08001e5c                HAL_ADC_ErrorCallback
 .text.HAL_ADC_ConfigChannel
                0x08001e70      0x264 ./Drivers/STM32F4xx_HAL_Driver/Src/stm32f4xx_hal_adc.o
                0x08001e70                HAL_ADC_ConfigChannel
 .text.ADC_Init
                0x080020d4      0x1f8 ./Drivers/STM32F4xx_HAL_Driver/Src/stm32f4xx_hal_adc.o
 .text.ADC_DMAConvCplt
                0x080022cc       0xba ./Drivers/STM32F4xx_HAL_Driver/Src/stm32f4xx_hal_adc.o
 .text.ADC_DMAHalfConvCplt
                0x08002386       0x1c ./Drivers/STM32F4xx_HAL_Driver/Src/stm32f4xx_hal_adc.o
 .text.ADC_DMAError
                0x080023a2       0x2e ./Drivers/STM32F4xx_HAL_Driver/Src/stm32f4xx_hal_adc.o
 .text.HAL_ADCEx_InjectedConvCpltCallback
                0x080023d0       0x14 ./Drivers/STM32F4xx_HAL_Driver/Src/stm32f4xx_hal_adc_ex.o
                0x080023d0                HAL_ADCEx_InjectedConvCpltCallback
 .text.__NVIC_SetPriorityGrouping
                0x080023e4       0x48 ./Drivers/STM32F4xx_HAL_Driver/Src/stm32f4xx_hal_cortex.o
 .text.__NVIC_GetPriorityGrouping
                0x0800242c       0x1c ./Drivers/STM32F4xx_HAL_Driver/Src/stm32f4xx_hal_cortex.o
 .text.__NVIC_EnableIRQ
                0x08002448       0x3c ./Drivers/STM32F4xx_HAL_Driver/Src/stm32f4xx_hal_cortex.o
 .text.__NVIC_SetPriority
                0x08002484       0x54 ./Drivers/STM32F4xx_HAL_Driver/Src/stm32f4xx_hal_cortex.o
 .text.NVIC_EncodePriority
                0x080024d8       0x66 ./Drivers/STM32F4xx_HAL_Driver/Src/stm32f4xx_hal_cortex.o
 *fill*         0x0800253e        0x2 
 .text.SysTick_Config
                0x08002540       0x44 ./Drivers/STM32F4xx_HAL_Driver/Src/stm32f4xx_hal_cortex.o
 .text.HAL_NVIC_SetPriorityGrouping
                0x08002584       0x16 ./Drivers/STM32F4xx_HAL_Driver/Src/stm32f4xx_hal_cortex.o
                0x08002584                HAL_NVIC_SetPriorityGrouping
 .text.HAL_NVIC_SetPriority
                0x0800259a       0x38 ./Drivers/STM32F4xx_HAL_Driver/Src/stm32f4xx_hal_cortex.o
                0x0800259a                HAL_NVIC_SetPriority
 .text.HAL_NVIC_EnableIRQ
                0x080025d2       0x1c ./Drivers/STM32F4xx_HAL_Driver/Src/stm32f4xx_hal_cortex.o
                0x080025d2                HAL_NVIC_EnableIRQ
 .text.HAL_SYSTICK_Config
                0x080025ee       0x18 ./Drivers/STM32F4xx_HAL_Driver/Src/stm32f4xx_hal_cortex.o
                0x080025ee                HAL_SYSTICK_Config
 *fill*         0x08002606        0x2 
 .text.HAL_DMA_Init
                0x08002608      0x15c ./Drivers/STM32F4xx_HAL_Driver/Src/stm32f4xx_hal_dma.o
                0x08002608                HAL_DMA_Init
 .text.HAL_DMA_Start_IT
                0x08002764       0xb0 ./Drivers/STM32F4xx_HAL_Driver/Src/stm32f4xx_hal_dma.o
                0x08002764                HAL_DMA_Start_IT
 .text.HAL_DMA_IRQHandler
                0x08002814      0x314 ./Drivers/STM32F4xx_HAL_Driver/Src/stm32f4xx_hal_dma.o
                0x08002814                HAL_DMA_IRQHandler
 .text.DMA_SetConfig
                0x08002b28       0x5c ./Drivers/STM32F4xx_HAL_Driver/Src/stm32f4xx_hal_dma.o
 .text.DMA_CalcBaseAndBitshift
                0x08002b84       0x6c ./Drivers/STM32F4xx_HAL_Driver/Src/stm32f4xx_hal_dma.o
 .text.DMA_CheckFifoParam
                0x08002bf0       0xf8 ./Drivers/STM32F4xx_HAL_Driver/Src/stm32f4xx_hal_dma.o
 .text.HAL_GPIO_Init
                0x08002ce8      0x358 ./Drivers/STM32F4xx_HAL_Driver/Src/stm32f4xx_hal_gpio.o
                0x08002ce8                HAL_GPIO_Init
 .text.HAL_GPIO_ReadPin
                0x08003040       0x30 ./Drivers/STM32F4xx_HAL_Driver/Src/stm32f4xx_hal_gpio.o
                0x08003040                HAL_GPIO_ReadPin
 .text.HAL_GPIO_WritePin
                0x08003070       0x32 ./Drivers/STM32F4xx_HAL_Driver/Src/stm32f4xx_hal_gpio.o
                0x08003070                HAL_GPIO_WritePin
 .text.HAL_PCD_Init
                0x080030a2      0x21e ./Drivers/STM32F4xx_HAL_Driver/Src/stm32f4xx_hal_pcd.o
                0x080030a2                HAL_PCD_Init
 .text.HAL_PCD_Start
                0x080032c0       0x6a ./Drivers/STM32F4xx_HAL_Driver/Src/stm32f4xx_hal_pcd.o
                0x080032c0                HAL_PCD_Start
 .text.HAL_PCD_IRQHandler
                0x0800332a      0x942 ./Drivers/STM32F4xx_HAL_Driver/Src/stm32f4xx_hal_pcd.o
                0x0800332a                HAL_PCD_IRQHandler
 .text.HAL_PCD_SetAddress
                0x08003c6c       0x48 ./Drivers/STM32F4xx_HAL_Driver/Src/stm32f4xx_hal_pcd.o
                0x08003c6c                HAL_PCD_SetAddress
 .text.HAL_PCD_EP_Open
                0x08003cb4       0xd4 ./Drivers/STM32F4xx_HAL_Driver/Src/stm32f4xx_hal_pcd.o
                0x08003cb4                HAL_PCD_EP_Open
 .text.HAL_PCD_EP_Close
                0x08003d88       0x94 ./Drivers/STM32F4xx_HAL_Driver/Src/stm32f4xx_hal_pcd.o
                0x08003d88                HAL_PCD_EP_Close
 .text.HAL_PCD_EP_Receive
                0x08003e1c       0x76 ./Drivers/STM32F4xx_HAL_Driver/Src/stm32f4xx_hal_pcd.o
                0x08003e1c                HAL_PCD_EP_Receive
 .text.HAL_PCD_EP_Transmit
                0x08003e92       0x74 ./Drivers/STM32F4xx_HAL_Driver/Src/stm32f4xx_hal_pcd.o
                0x08003e92                HAL_PCD_EP_Transmit
 .text.HAL_PCD_EP_SetStall
                0x08003f06       0xc6 ./Drivers/STM32F4xx_HAL_Driver/Src/stm32f4xx_hal_pcd.o
                0x08003f06                HAL_PCD_EP_SetStall
 .text.HAL_PCD_EP_ClrStall
                0x08003fcc       0xac ./Drivers/STM32F4xx_HAL_Driver/Src/stm32f4xx_hal_pcd.o
                0x08003fcc                HAL_PCD_EP_ClrStall
 .text.HAL_PCD_EP_Abort
                0x08004078       0x62 ./Drivers/STM32F4xx_HAL_Driver/Src/stm32f4xx_hal_pcd.o
                0x08004078                HAL_PCD_EP_Abort
 .text.PCD_WriteEmptyTxFifo
                0x080040da      0x118 ./Drivers/STM32F4xx_HAL_Driver/Src/stm32f4xx_hal_pcd.o
 *fill*         0x080041f2        0x2 
 .text.PCD_EP_OutXfrComplete_int
                0x080041f4      0x1d0 ./Drivers/STM32F4xx_HAL_Driver/Src/stm32f4xx_hal_pcd.o
 .text.PCD_EP_OutSetupPacket_int
                0x080043c4       0x8c ./Drivers/STM32F4xx_HAL_Driver/Src/stm32f4xx_hal_pcd.o
 .text.HAL_PCDEx_SetTxFiFo
                0x08004450       0x8e ./Drivers/STM32F4xx_HAL_Driver/Src/stm32f4xx_hal_pcd_ex.o
                0x08004450                HAL_PCDEx_SetTxFiFo
 .text.HAL_PCDEx_SetRxFiFo
                0x080044de       0x22 ./Drivers/STM32F4xx_HAL_Driver/Src/stm32f4xx_hal_pcd_ex.o
                0x080044de                HAL_PCDEx_SetRxFiFo
 .text.HAL_PCDEx_LPM_Callback
                0x08004500       0x18 ./Drivers/STM32F4xx_HAL_Driver/Src/stm32f4xx_hal_pcd_ex.o
                0x08004500                HAL_PCDEx_LPM_Callback
 .text.HAL_RCC_OscConfig
                0x08004518      0x4f0 ./Drivers/STM32F4xx_HAL_Driver/Src/stm32f4xx_hal_rcc.o
                0x08004518                HAL_RCC_OscConfig
 .text.HAL_RCC_ClockConfig
                0x08004a08      0x1cc ./Drivers/STM32F4xx_HAL_Driver/Src/stm32f4xx_hal_rcc.o
                0x08004a08                HAL_RCC_ClockConfig
 .text.HAL_RCC_GetSysClockFreq
                0x08004bd4      0x20c ./Drivers/STM32F4xx_HAL_Driver/Src/stm32f4xx_hal_rcc.o
                0x08004bd4                HAL_RCC_GetSysClockFreq
 .text.HAL_RCC_GetHCLKFreq
                0x08004de0       0x18 ./Drivers/STM32F4xx_HAL_Driver/Src/stm32f4xx_hal_rcc.o
                0x08004de0                HAL_RCC_GetHCLKFreq
 .text.HAL_RCC_GetPCLK1Freq
                0x08004df8       0x28 ./Drivers/STM32F4xx_HAL_Driver/Src/stm32f4xx_hal_rcc.o
                0x08004df8                HAL_RCC_GetPCLK1Freq
 .text.HAL_RCC_GetPCLK2Freq
                0x08004e20       0x28 ./Drivers/STM32F4xx_HAL_Driver/Src/stm32f4xx_hal_rcc.o
                0x08004e20                HAL_RCC_GetPCLK2Freq
 .text.HAL_UART_Init
                0x08004e48       0xa0 ./Drivers/STM32F4xx_HAL_Driver/Src/stm32f4xx_hal_uart.o
                0x08004e48                HAL_UART_Init
 .text.UART_SetConfig
                0x08004ee8      0x4e8 ./Drivers/STM32F4xx_HAL_Driver/Src/stm32f4xx_hal_uart.o
 .text.USB_CoreInit
                0x080053d0       0xc8 ./Drivers/STM32F4xx_HAL_Driver/Src/stm32f4xx_ll_usb.o
                0x080053d0                USB_CoreInit
 .text.USB_SetTurnaroundTime
                0x08005498      0x144 ./Drivers/STM32F4xx_HAL_Driver/Src/stm32f4xx_ll_usb.o
                0x08005498                USB_SetTurnaroundTime
 .text.USB_EnableGlobalInt
                0x080055dc       0x22 ./Drivers/STM32F4xx_HAL_Driver/Src/stm32f4xx_ll_usb.o
                0x080055dc                USB_EnableGlobalInt
 .text.USB_DisableGlobalInt
                0x080055fe       0x22 ./Drivers/STM32F4xx_HAL_Driver/Src/stm32f4xx_ll_usb.o
                0x080055fe                USB_DisableGlobalInt
 .text.USB_SetCurrentMode
                0x08005620       0x98 ./Drivers/STM32F4xx_HAL_Driver/Src/stm32f4xx_ll_usb.o
                0x08005620                USB_SetCurrentMode
 .text.USB_DevInit
                0x080056b8      0x2c8 ./Drivers/STM32F4xx_HAL_Driver/Src/stm32f4xx_ll_usb.o
                0x080056b8                USB_DevInit
 .text.USB_FlushTxFifo
                0x08005980       0x64 ./Drivers/STM32F4xx_HAL_Driver/Src/stm32f4xx_ll_usb.o
                0x08005980                USB_FlushTxFifo
 .text.USB_FlushRxFifo
                0x080059e4       0x5c ./Drivers/STM32F4xx_HAL_Driver/Src/stm32f4xx_ll_usb.o
                0x080059e4                USB_FlushRxFifo
 .text.USB_SetDevSpeed
                0x08005a40       0x32 ./Drivers/STM32F4xx_HAL_Driver/Src/stm32f4xx_ll_usb.o
                0x08005a40                USB_SetDevSpeed
 .text.USB_GetDevSpeed
                0x08005a72       0x4a ./Drivers/STM32F4xx_HAL_Driver/Src/stm32f4xx_ll_usb.o
                0x08005a72                USB_GetDevSpeed
 .text.USB_ActivateEndpoint
                0x08005abc      0x10e ./Drivers/STM32F4xx_HAL_Driver/Src/stm32f4xx_ll_usb.o
                0x08005abc                USB_ActivateEndpoint
 *fill*         0x08005bca        0x2 
 .text.USB_DeactivateEndpoint
                0x08005bcc      0x1b8 ./Drivers/STM32F4xx_HAL_Driver/Src/stm32f4xx_ll_usb.o
                0x08005bcc                USB_DeactivateEndpoint
 .text.USB_EPStartXfer
                0x08005d84      0x53c ./Drivers/STM32F4xx_HAL_Driver/Src/stm32f4xx_ll_usb.o
                0x08005d84                USB_EPStartXfer
 .text.USB_EPStopXfer
                0x080062c0      0x154 ./Drivers/STM32F4xx_HAL_Driver/Src/stm32f4xx_ll_usb.o
                0x080062c0                USB_EPStopXfer
 .text.USB_WritePacket
                0x08006414       0x7c ./Drivers/STM32F4xx_HAL_Driver/Src/stm32f4xx_ll_usb.o
                0x08006414                USB_WritePacket
 .text.USB_ReadPacket
                0x08006490       0xb0 ./Drivers/STM32F4xx_HAL_Driver/Src/stm32f4xx_ll_usb.o
                0x08006490                USB_ReadPacket
 .text.USB_EPSetStall
                0x08006540       0xdc ./Drivers/STM32F4xx_HAL_Driver/Src/stm32f4xx_ll_usb.o
                0x08006540                USB_EPSetStall
 .text.USB_EPClearStall
                0x0800661c       0xcc ./Drivers/STM32F4xx_HAL_Driver/Src/stm32f4xx_ll_usb.o
                0x0800661c                USB_EPClearStall
 .text.USB_SetDevAddress
                0x080066e8       0x4c ./Drivers/STM32F4xx_HAL_Driver/Src/stm32f4xx_ll_usb.o
                0x080066e8                USB_SetDevAddress
 .text.USB_DevConnect
                0x08006734       0x42 ./Drivers/STM32F4xx_HAL_Driver/Src/stm32f4xx_ll_usb.o
                0x08006734                USB_DevConnect
 .text.USB_DevDisconnect
                0x08006776       0x42 ./Drivers/STM32F4xx_HAL_Driver/Src/stm32f4xx_ll_usb.o
                0x08006776                USB_DevDisconnect
 .text.USB_ReadInterrupts
                0x080067b8       0x26 ./Drivers/STM32F4xx_HAL_Driver/Src/stm32f4xx_ll_usb.o
                0x080067b8                USB_ReadInterrupts
 .text.USB_ReadDevAllOutEpInterrupt
                0x080067de       0x34 ./Drivers/STM32F4xx_HAL_Driver/Src/stm32f4xx_ll_usb.o
                0x080067de                USB_ReadDevAllOutEpInterrupt
 .text.USB_ReadDevAllInEpInterrupt
                0x08006812       0x34 ./Drivers/STM32F4xx_HAL_Driver/Src/stm32f4xx_ll_usb.o
                0x08006812                USB_ReadDevAllInEpInterrupt
 .text.USB_ReadDevOutEPInterrupt
                0x08006846       0x3c ./Drivers/STM32F4xx_HAL_Driver/Src/stm32f4xx_ll_usb.o
                0x08006846                USB_ReadDevOutEPInterrupt
 .text.USB_ReadDevInEPInterrupt
                0x08006882       0x5c ./Drivers/STM32F4xx_HAL_Driver/Src/stm32f4xx_ll_usb.o
                0x08006882                USB_ReadDevInEPInterrupt
 .text.USB_GetMode
                0x080068de       0x1c ./Drivers/STM32F4xx_HAL_Driver/Src/stm32f4xx_ll_usb.o
                0x080068de                USB_GetMode
 .text.USB_ActivateSetup
                0x080068fa       0x46 ./Drivers/STM32F4xx_HAL_Driver/Src/stm32f4xx_ll_usb.o
                0x080068fa                USB_ActivateSetup
 .text.USB_EP0_OutStart
                0x08006940       0xbc ./Drivers/STM32F4xx_HAL_Driver/Src/stm32f4xx_ll_usb.o
                0x08006940                USB_EP0_OutStart
 .text.USB_CoreReset
                0x080069fc       0x70 ./Drivers/STM32F4xx_HAL_Driver/Src/stm32f4xx_ll_usb.o
 .text.USBD_HID_Init
                0x08006a6c       0xcc ./Middlewares/ST/STM32_USB_Device_Library/Class/HID/Src/usbd_hid.o
 .text.USBD_HID_DeInit
                0x08006b38       0x90 ./Middlewares/ST/STM32_USB_Device_Library/Class/HID/Src/usbd_hid.o
 .text.USBD_HID_Setup
                0x08006bc8      0x210 ./Middlewares/ST/STM32_USB_Device_Library/Class/HID/Src/usbd_hid.o
 .text.USBD_HID_SendReport
                0x08006dd8       0x60 ./Middlewares/ST/STM32_USB_Device_Library/Class/HID/Src/usbd_hid.o
                0x08006dd8                USBD_HID_SendReport
 .text.USBD_HID_GetFSCfgDesc
                0x08006e38       0x34 ./Middlewares/ST/STM32_USB_Device_Library/Class/HID/Src/usbd_hid.o
 .text.USBD_HID_GetHSCfgDesc
                0x08006e6c       0x34 ./Middlewares/ST/STM32_USB_Device_Library/Class/HID/Src/usbd_hid.o
 .text.USBD_HID_GetOtherSpeedCfgDesc
                0x08006ea0       0x34 ./Middlewares/ST/STM32_USB_Device_Library/Class/HID/Src/usbd_hid.o
 .text.USBD_HID_DataIn
                0x08006ed4       0x2c ./Middlewares/ST/STM32_USB_Device_Library/Class/HID/Src/usbd_hid.o
 .text.USBD_HID_GetDeviceQualifierDesc
                0x08006f00       0x20 ./Middlewares/ST/STM32_USB_Device_Library/Class/HID/Src/usbd_hid.o
 .text.USBD_Init
                0x08006f20       0x60 ./Middlewares/ST/STM32_USB_Device_Library/Core/Src/usbd_core.o
                0x08006f20                USBD_Init
 .text.USBD_RegisterClass
                0x08006f80       0x6c ./Middlewares/ST/STM32_USB_Device_Library/Core/Src/usbd_core.o
                0x08006f80                USBD_RegisterClass
 .text.USBD_Start
                0x08006fec       0x18 ./Middlewares/ST/STM32_USB_Device_Library/Core/Src/usbd_core.o
                0x08006fec                USBD_Start
 .text.USBD_RunTestMode
                0x08007004       0x16 ./Middlewares/ST/STM32_USB_Device_Library/Core/Src/usbd_core.o
                0x08007004                USBD_RunTestMode
 .text.USBD_SetClassConfig
                0x0800701a       0x38 ./Middlewares/ST/STM32_USB_Device_Library/Core/Src/usbd_core.o
                0x0800701a                USBD_SetClassConfig
 .text.USBD_ClrClassConfig
                0x08007052       0x34 ./Middlewares/ST/STM32_USB_Device_Library/Core/Src/usbd_core.o
                0x08007052                USBD_ClrClassConfig
 .text.USBD_LL_SetupStage
                0x08007086       0xaa ./Middlewares/ST/STM32_USB_Device_Library/Core/Src/usbd_core.o
                0x08007086                USBD_LL_SetupStage
 .text.USBD_LL_DataOutStage
                0x08007130      0x178 ./Middlewares/ST/STM32_USB_Device_Library/Core/Src/usbd_core.o
                0x08007130                USBD_LL_DataOutStage
 .text.USBD_LL_DataInStage
                0x080072a8      0x176 ./Middlewares/ST/STM32_USB_Device_Library/Core/Src/usbd_core.o
                0x080072a8                USBD_LL_DataInStage
 .text.USBD_LL_Reset
                0x0800741e       0xa6 ./Middlewares/ST/STM32_USB_Device_Library/Core/Src/usbd_core.o
                0x0800741e                USBD_LL_Reset
 .text.USBD_LL_SetSpeed
                0x080074c4       0x20 ./Middlewares/ST/STM32_USB_Device_Library/Core/Src/usbd_core.o
                0x080074c4                USBD_LL_SetSpeed
 .text.USBD_LL_Suspend
                0x080074e4       0x38 ./Middlewares/ST/STM32_USB_Device_Library/Core/Src/usbd_core.o
                0x080074e4                USBD_LL_Suspend
 .text.USBD_LL_Resume
                0x0800751c       0x30 ./Middlewares/ST/STM32_USB_Device_Library/Core/Src/usbd_core.o
                0x0800751c                USBD_LL_Resume
 .text.USBD_LL_SOF
                0x0800754c       0x40 ./Middlewares/ST/STM32_USB_Device_Library/Core/Src/usbd_core.o
                0x0800754c                USBD_LL_SOF
 .text.USBD_LL_IsoINIncomplete
                0x0800758c       0x64 ./Middlewares/ST/STM32_USB_Device_Library/Core/Src/usbd_core.o
                0x0800758c                USBD_LL_IsoINIncomplete
 .text.USBD_LL_IsoOUTIncomplete
                0x080075f0       0x64 ./Middlewares/ST/STM32_USB_Device_Library/Core/Src/usbd_core.o
                0x080075f0                USBD_LL_IsoOUTIncomplete
 .text.USBD_LL_DevConnected
                0x08007654       0x16 ./Middlewares/ST/STM32_USB_Device_Library/Core/Src/usbd_core.o
                0x08007654                USBD_LL_DevConnected
 .text.USBD_LL_DevDisconnected
                0x0800766a       0x46 ./Middlewares/ST/STM32_USB_Device_Library/Core/Src/usbd_core.o
                0x0800766a                USBD_LL_DevDisconnected
 .text.USBD_CoreFindIF
                0x080076b0       0x1a ./Middlewares/ST/STM32_USB_Device_Library/Core/Src/usbd_core.o
                0x080076b0                USBD_CoreFindIF
 .text.USBD_CoreFindEP
                0x080076ca       0x1a ./Middlewares/ST/STM32_USB_Device_Library/Core/Src/usbd_core.o
                0x080076ca                USBD_CoreFindEP
 .text.USBD_GetEpDesc
                0x080076e4       0x70 ./Middlewares/ST/STM32_USB_Device_Library/Core/Src/usbd_core.o
                0x080076e4                USBD_GetEpDesc
 .text.USBD_GetNextDesc
                0x08007754       0x38 ./Middlewares/ST/STM32_USB_Device_Library/Core/Src/usbd_core.o
                0x08007754                USBD_GetNextDesc
 .text.SWAPBYTE
                0x0800778c       0x3e ./Middlewares/ST/STM32_USB_Device_Library/Core/Src/usbd_ctlreq.o
 *fill*         0x080077ca        0x2 
 .text.USBD_StdDevReq
                0x080077cc       0xe4 ./Middlewares/ST/STM32_USB_Device_Library/Core/Src/usbd_ctlreq.o
                0x080077cc                USBD_StdDevReq
 .text.USBD_StdItfReq
                0x080078b0       0xd8 ./Middlewares/ST/STM32_USB_Device_Library/Core/Src/usbd_ctlreq.o
                0x080078b0                USBD_StdItfReq
 .text.USBD_StdEPReq
                0x08007988      0x33e ./Middlewares/ST/STM32_USB_Device_Library/Core/Src/usbd_ctlreq.o
                0x08007988                USBD_StdEPReq
 *fill*         0x08007cc6        0x2 
 .text.USBD_GetDescriptor
                0x08007cc8      0x2d4 ./Middlewares/ST/STM32_USB_Device_Library/Core/Src/usbd_ctlreq.o
 .text.USBD_SetAddress
                0x08007f9c       0x88 ./Middlewares/ST/STM32_USB_Device_Library/Core/Src/usbd_ctlreq.o
 .text.USBD_SetConfig
                0x08008024      0x154 ./Middlewares/ST/STM32_USB_Device_Library/Core/Src/usbd_ctlreq.o
 .text.USBD_GetConfig
                0x08008178       0x6c ./Middlewares/ST/STM32_USB_Device_Library/Core/Src/usbd_ctlreq.o
 .text.USBD_GetStatus
                0x080081e4       0x68 ./Middlewares/ST/STM32_USB_Device_Library/Core/Src/usbd_ctlreq.o
 .text.USBD_SetFeature
                0x0800824c       0x52 ./Middlewares/ST/STM32_USB_Device_Library/Core/Src/usbd_ctlreq.o
 .text.USBD_ClrFeature
                0x0800829e       0x44 ./Middlewares/ST/STM32_USB_Device_Library/Core/Src/usbd_ctlreq.o
 .text.USBD_ParseSetupRequest
                0x080082e2       0x74 ./Middlewares/ST/STM32_USB_Device_Library/Core/Src/usbd_ctlreq.o
                0x080082e2                USBD_ParseSetupRequest
 .text.USBD_CtlError
                0x08008356       0x22 ./Middlewares/ST/STM32_USB_Device_Library/Core/Src/usbd_ctlreq.o
                0x08008356                USBD_CtlError
 .text.USBD_GetString
                0x08008378       0xa4 ./Middlewares/ST/STM32_USB_Device_Library/Core/Src/usbd_ctlreq.o
                0x08008378                USBD_GetString
 .text.USBD_GetLen
                0x0800841c       0x34 ./Middlewares/ST/STM32_USB_Device_Library/Core/Src/usbd_ctlreq.o
 .text.USBD_CtlSendData
                0x08008450       0x3c ./Middlewares/ST/STM32_USB_Device_Library/Core/Src/usbd_ioreq.o
                0x08008450                USBD_CtlSendData
 .text.USBD_CtlContinueSendData
                0x0800848c       0x22 ./Middlewares/ST/STM32_USB_Device_Library/Core/Src/usbd_ioreq.o
                0x0800848c                USBD_CtlContinueSendData
 .text.USBD_CtlContinueRx
                0x080084ae       0x22 ./Middlewares/ST/STM32_USB_Device_Library/Core/Src/usbd_ioreq.o
                0x080084ae                USBD_CtlContinueRx
 .text.USBD_CtlSendStatus
                0x080084d0       0x26 ./Middlewares/ST/STM32_USB_Device_Library/Core/Src/usbd_ioreq.o
                0x080084d0                USBD_CtlSendStatus
 .text.USBD_CtlReceiveStatus
                0x080084f6       0x26 ./Middlewares/ST/STM32_USB_Device_Library/Core/Src/usbd_ioreq.o
                0x080084f6                USBD_CtlReceiveStatus
 .text.MX_USB_DEVICE_Init
                0x0800851c       0x4c ./USB_DEVICE/App/usb_device.o
                0x0800851c                MX_USB_DEVICE_Init
 .text.USBD_HS_DeviceDescriptor
                0x08008568       0x24 ./USB_DEVICE/App/usbd_desc.o
                0x08008568                USBD_HS_DeviceDescriptor
 .text.USBD_HS_LangIDStrDescriptor
                0x0800858c       0x24 ./USB_DEVICE/App/usbd_desc.o
                0x0800858c                USBD_HS_LangIDStrDescriptor
 .text.USBD_HS_ProductStrDescriptor
                0x080085b0       0x3c ./USB_DEVICE/App/usbd_desc.o
                0x080085b0                USBD_HS_ProductStrDescriptor
 .text.USBD_HS_ManufacturerStrDescriptor
                0x080085ec       0x28 ./USB_DEVICE/App/usbd_desc.o
                0x080085ec                USBD_HS_ManufacturerStrDescriptor
 .text.USBD_HS_SerialStrDescriptor
                0x08008614       0x24 ./USB_DEVICE/App/usbd_desc.o
                0x08008614                USBD_HS_SerialStrDescriptor
 .text.USBD_HS_ConfigStrDescriptor
                0x08008638       0x3c ./USB_DEVICE/App/usbd_desc.o
                0x08008638                USBD_HS_ConfigStrDescriptor
 .text.USBD_HS_InterfaceStrDescriptor
                0x08008674       0x3c ./USB_DEVICE/App/usbd_desc.o
                0x08008674                USBD_HS_InterfaceStrDescriptor
 .text.Get_SerialNum
                0x080086b0       0x58 ./USB_DEVICE/App/usbd_desc.o
 .text.IntToUnicode
                0x08008708       0x7e ./USB_DEVICE/App/usbd_desc.o
 *fill*         0x08008786        0x2 
 .text.HAL_PCD_MspInit
                0x08008788       0xfc ./USB_DEVICE/Target/usbd_conf.o
                0x08008788                HAL_PCD_MspInit
 .text.HAL_PCD_SetupStageCallback
                0x08008884       0x24 ./USB_DEVICE/Target/usbd_conf.o
                0x08008884                HAL_PCD_SetupStageCallback
 .text.HAL_PCD_DataOutStageCallback
                0x080088a8       0x36 ./USB_DEVICE/Target/usbd_conf.o
                0x080088a8                HAL_PCD_DataOutStageCallback
 .text.HAL_PCD_DataInStageCallback
                0x080088de       0x34 ./USB_DEVICE/Target/usbd_conf.o
                0x080088de                HAL_PCD_DataInStageCallback
 .text.HAL_PCD_SOFCallback
                0x08008912       0x1c ./USB_DEVICE/Target/usbd_conf.o
                0x08008912                HAL_PCD_SOFCallback
 .text.HAL_PCD_ResetCallback
                0x0800892e       0x50 ./USB_DEVICE/Target/usbd_conf.o
                0x0800892e                HAL_PCD_ResetCallback
 *fill*         0x0800897e        0x2 
 .text.HAL_PCD_SuspendCallback
                0x08008980       0x4c ./USB_DEVICE/Target/usbd_conf.o
                0x08008980                HAL_PCD_SuspendCallback
 .text.HAL_PCD_ResumeCallback
                0x080089cc       0x1c ./USB_DEVICE/Target/usbd_conf.o
                0x080089cc                HAL_PCD_ResumeCallback
 .text.HAL_PCD_ISOOUTIncompleteCallback
                0x080089e8       0x24 ./USB_DEVICE/Target/usbd_conf.o
                0x080089e8                HAL_PCD_ISOOUTIncompleteCallback
 .text.HAL_PCD_ISOINIncompleteCallback
                0x08008a0c       0x24 ./USB_DEVICE/Target/usbd_conf.o
                0x08008a0c                HAL_PCD_ISOINIncompleteCallback
 .text.HAL_PCD_ConnectCallback
                0x08008a30       0x1c ./USB_DEVICE/Target/usbd_conf.o
                0x08008a30                HAL_PCD_ConnectCallback
 .text.HAL_PCD_DisconnectCallback
                0x08008a4c       0x1c ./USB_DEVICE/Target/usbd_conf.o
                0x08008a4c                HAL_PCD_DisconnectCallback
 .text.USBD_LL_Init
                0x08008a68       0xa4 ./USB_DEVICE/Target/usbd_conf.o
                0x08008a68                USBD_LL_Init
 .text.USBD_LL_Start
                0x08008b0c       0x36 ./USB_DEVICE/Target/usbd_conf.o
                0x08008b0c                USBD_LL_Start
 .text.USBD_LL_OpenEP
                0x08008b42       0x4c ./USB_DEVICE/Target/usbd_conf.o
                0x08008b42                USBD_LL_OpenEP
 .text.USBD_LL_CloseEP
                0x08008b8e       0x3e ./USB_DEVICE/Target/usbd_conf.o
                0x08008b8e                USBD_LL_CloseEP
 .text.USBD_LL_StallEP
                0x08008bcc       0x3e ./USB_DEVICE/Target/usbd_conf.o
                0x08008bcc                USBD_LL_StallEP
 .text.USBD_LL_ClearStallEP
                0x08008c0a       0x3e ./USB_DEVICE/Target/usbd_conf.o
                0x08008c0a                USBD_LL_ClearStallEP
 .text.USBD_LL_IsStallEP
                0x08008c48       0x58 ./USB_DEVICE/Target/usbd_conf.o
                0x08008c48                USBD_LL_IsStallEP
 .text.USBD_LL_SetUSBAddress
                0x08008ca0       0x3e ./USB_DEVICE/Target/usbd_conf.o
                0x08008ca0                USBD_LL_SetUSBAddress
 .text.USBD_LL_Transmit
                0x08008cde       0x42 ./USB_DEVICE/Target/usbd_conf.o
                0x08008cde                USBD_LL_Transmit
 .text.USBD_LL_PrepareReceive
                0x08008d20       0x42 ./USB_DEVICE/Target/usbd_conf.o
                0x08008d20                USBD_LL_PrepareReceive
 *fill*         0x08008d62        0x2 
 .text.USBD_static_malloc
                0x08008d64       0x1c ./USB_DEVICE/Target/usbd_conf.o
                0x08008d64                USBD_static_malloc
 .text.USBD_static_free
                0x08008d80       0x14 ./USB_DEVICE/Target/usbd_conf.o
                0x08008d80                USBD_static_free
 .text.USBD_Get_USB_Status
                0x08008d94       0x58 ./USB_DEVICE/Target/usbd_conf.o
                0x08008d94                USBD_Get_USB_Status
 .text.memset   0x08008dec       0x10 D:/ProgramData/IDE/STM32CubeIDE_1.17.0/STM32CubeIDE/plugins/com.st.stm32cube.ide.mcu.externaltools.gnu-tools-for-stm32.13.3.rel1.win32_1.0.0.202411081344/tools/bin/../lib/gcc/arm-none-eabi/13.3.1/../../../../arm-none-eabi/lib/thumb/v7e-m+fp/hard\libc_nano.a(libc_a-memset.o)
                0x08008dec                memset
 .text.__libc_init_array
                0x08008dfc       0x48 D:/ProgramData/IDE/STM32CubeIDE_1.17.0/STM32CubeIDE/plugins/com.st.stm32cube.ide.mcu.externaltools.gnu-tools-for-stm32.13.3.rel1.win32_1.0.0.202411081344/tools/bin/../lib/gcc/arm-none-eabi/13.3.1/../../../../arm-none-eabi/lib/thumb/v7e-m+fp/hard\libc_nano.a(libc_a-init.o)
                0x08008dfc                __libc_init_array
 *(.glue_7)
 .glue_7        0x08008e44        0x0 linker stubs
 *(.glue_7t)
 .glue_7t       0x08008e44        0x0 linker stubs
 *(.eh_frame)
 .eh_frame      0x08008e44        0x0 D:/ProgramData/IDE/STM32CubeIDE_1.17.0/STM32CubeIDE/plugins/com.st.stm32cube.ide.mcu.externaltools.gnu-tools-for-stm32.13.3.rel1.win32_1.0.0.202411081344/tools/bin/../lib/gcc/arm-none-eabi/13.3.1/thumb/v7e-m+fp/hard/crtbegin.o
 *(.init)
 .init          0x08008e44        0x4 D:/ProgramData/IDE/STM32CubeIDE_1.17.0/STM32CubeIDE/plugins/com.st.stm32cube.ide.mcu.externaltools.gnu-tools-for-stm32.13.3.rel1.win32_1.0.0.202411081344/tools/bin/../lib/gcc/arm-none-eabi/13.3.1/thumb/v7e-m+fp/hard/crti.o
                0x08008e44                _init
 .init          0x08008e48        0x8 D:/ProgramData/IDE/STM32CubeIDE_1.17.0/STM32CubeIDE/plugins/com.st.stm32cube.ide.mcu.externaltools.gnu-tools-for-stm32.13.3.rel1.win32_1.0.0.202411081344/tools/bin/../lib/gcc/arm-none-eabi/13.3.1/thumb/v7e-m+fp/hard/crtn.o
 *(.fini)
 .fini          0x08008e50        0x4 D:/ProgramData/IDE/STM32CubeIDE_1.17.0/STM32CubeIDE/plugins/com.st.stm32cube.ide.mcu.externaltools.gnu-tools-for-stm32.13.3.rel1.win32_1.0.0.202411081344/tools/bin/../lib/gcc/arm-none-eabi/13.3.1/thumb/v7e-m+fp/hard/crti.o
                0x08008e50                _fini
 .fini          0x08008e54        0x8 D:/ProgramData/IDE/STM32CubeIDE_1.17.0/STM32CubeIDE/plugins/com.st.stm32cube.ide.mcu.externaltools.gnu-tools-for-stm32.13.3.rel1.win32_1.0.0.202411081344/tools/bin/../lib/gcc/arm-none-eabi/13.3.1/thumb/v7e-m+fp/hard/crtn.o
                0x08008e5c                        . = ALIGN (0x4)
                0x08008e5c                        _etext = .

.vfp11_veneer   0x08008e5c        0x0
 .vfp11_veneer  0x08008e5c        0x0 linker stubs

.v4_bx          0x08008e5c        0x0
 .v4_bx         0x08008e5c        0x0 linker stubs

.iplt           0x08008e5c        0x0
 .iplt          0x08008e5c        0x0 D:/ProgramData/IDE/STM32CubeIDE_1.17.0/STM32CubeIDE/plugins/com.st.stm32cube.ide.mcu.externaltools.gnu-tools-for-stm32.13.3.rel1.win32_1.0.0.202411081344/tools/bin/../lib/gcc/arm-none-eabi/13.3.1/thumb/v7e-m+fp/hard/crtbegin.o

.rodata         0x08008e5c       0x68
                0x08008e5c                        . = ALIGN (0x4)
 *(.rodata)
 .rodata        0x08008e5c       0x46 ./USB_DEVICE/App/usbd_desc.o
 *(.rodata*)
 *fill*         0x08008ea2        0x2 
 .rodata.AHBPrescTable
                0x08008ea4       0x10 ./Core/Src/system_stm32f4xx.o
                0x08008ea4                AHBPrescTable
 .rodata.APBPrescTable
                0x08008eb4        0x8 ./Core/Src/system_stm32f4xx.o
                0x08008eb4                APBPrescTable
 .rodata.flagBitshiftOffset.0
                0x08008ebc        0x8 ./Drivers/STM32F4xx_HAL_Driver/Src/stm32f4xx_hal_dma.o
                0x08008ec4                        . = ALIGN (0x4)

.ARM.extab      0x08008ec4        0x0
                0x08008ec4                        . = ALIGN (0x4)
 *(.ARM.extab* .gnu.linkonce.armextab.*)
                0x08008ec4                        . = ALIGN (0x4)

.ARM            0x08008ec4        0x8
                0x08008ec4                        . = ALIGN (0x4)
                0x08008ec4                        __exidx_start = .
 *(.ARM.exidx*)
 .ARM.exidx     0x08008ec4        0x8 D:/ProgramData/IDE/STM32CubeIDE_1.17.0/STM32CubeIDE/plugins/com.st.stm32cube.ide.mcu.externaltools.gnu-tools-for-stm32.13.3.rel1.win32_1.0.0.202411081344/tools/bin/../lib/gcc/arm-none-eabi/13.3.1/thumb/v7e-m+fp/hard\libgcc.a(_udivmoddi4.o)
                0x08008ecc                        __exidx_end = .
                0x08008ecc                        . = ALIGN (0x4)

.preinit_array  0x08008ecc        0x0
                0x08008ecc                        . = ALIGN (0x4)
                0x08008ecc                        PROVIDE (__preinit_array_start = .)
 *(.preinit_array*)
                0x08008ecc                        PROVIDE (__preinit_array_end = .)
                0x08008ecc                        . = ALIGN (0x4)

.init_array     0x08008ecc        0x4
                0x08008ecc                        . = ALIGN (0x4)
                0x08008ecc                        PROVIDE (__init_array_start = .)
 *(SORT_BY_NAME(.init_array.*))
 *(.init_array*)
 .init_array    0x08008ecc        0x4 D:/ProgramData/IDE/STM32CubeIDE_1.17.0/STM32CubeIDE/plugins/com.st.stm32cube.ide.mcu.externaltools.gnu-tools-for-stm32.13.3.rel1.win32_1.0.0.202411081344/tools/bin/../lib/gcc/arm-none-eabi/13.3.1/thumb/v7e-m+fp/hard/crtbegin.o
                0x08008ed0                        PROVIDE (__init_array_end = .)
                0x08008ed0                        . = ALIGN (0x4)

.fini_array     0x08008ed0        0x4
                0x08008ed0                        . = ALIGN (0x4)
                [!provide]                        PROVIDE (__fini_array_start = .)
 *(SORT_BY_NAME(.fini_array.*))
 *(.fini_array*)
 .fini_array    0x08008ed0        0x4 D:/ProgramData/IDE/STM32CubeIDE_1.17.0/STM32CubeIDE/plugins/com.st.stm32cube.ide.mcu.externaltools.gnu-tools-for-stm32.13.3.rel1.win32_1.0.0.202411081344/tools/bin/../lib/gcc/arm-none-eabi/13.3.1/thumb/v7e-m+fp/hard/crtbegin.o
                [!provide]                        PROVIDE (__fini_array_end = .)
                0x08008ed4                        . = ALIGN (0x4)
                0x08008ed4                        _sidata = LOADADDR (.data)

.rel.dyn        0x08008ed4        0x0
 .rel.iplt      0x08008ed4        0x0 D:/ProgramData/IDE/STM32CubeIDE_1.17.0/STM32CubeIDE/plugins/com.st.stm32cube.ide.mcu.externaltools.gnu-tools-for-stm32.13.3.rel1.win32_1.0.0.202411081344/tools/bin/../lib/gcc/arm-none-eabi/13.3.1/thumb/v7e-m+fp/hard/crtbegin.o

.data           0x20000000      0x190 load address 0x08008ed4
                0x20000000                        . = ALIGN (0x4)
                0x20000000                        _sdata = .
 *(.data)
 *(.data*)
 .data.mpkArray
                0x20000000       0x30 ./Core/Src/mapPinKey.o
                0x20000000                mpkArray
 .data.alternateArray
                0x20000030       0x14 ./Core/Src/mapPinKey.o
                0x20000030                alternateArray
 .data.mpmArray
                0x20000044        0x8 ./Core/Src/mapPinKey.o
                0x20000044                mpmArray
 .data.mpMod    0x2000004c        0xc ./Core/Src/mapPinKey.o
                0x2000004c                mpMod
 .data.SystemCoreClock
                0x20000058        0x4 ./Core/Src/system_stm32f4xx.o
                0x20000058                SystemCoreClock
 .data.uwTickPrio
                0x2000005c        0x4 ./Drivers/STM32F4xx_HAL_Driver/Src/stm32f4xx_hal.o
                0x2000005c                uwTickPrio
 .data.uwTickFreq
                0x20000060        0x1 ./Drivers/STM32F4xx_HAL_Driver/Src/stm32f4xx_hal.o
                0x20000060                uwTickFreq
 *fill*         0x20000061        0x3 
 .data.USBD_HID
                0x20000064       0x38 ./Middlewares/ST/STM32_USB_Device_Library/Class/HID/Src/usbd_hid.o
                0x20000064                USBD_HID
 .data.USBD_HID_CfgDesc
                0x2000009c       0x22 ./Middlewares/ST/STM32_USB_Device_Library/Class/HID/Src/usbd_hid.o
 *fill*         0x200000be        0x2 
 .data.USBD_HID_Desc
                0x200000c0        0x9 ./Middlewares/ST/STM32_USB_Device_Library/Class/HID/Src/usbd_hid.o
 *fill*         0x200000c9        0x3 
 .data.USBD_HID_DeviceQualifierDesc
                0x200000cc        0xa ./Middlewares/ST/STM32_USB_Device_Library/Class/HID/Src/usbd_hid.o
 *fill*         0x200000d6        0x2 
 .data.HID_MOUSE_ReportDesc
                0x200000d8       0x65 ./Middlewares/ST/STM32_USB_Device_Library/Class/HID/Src/usbd_hid.o
 .data.HIDInEpAdd
                0x2000013d        0x1 ./Middlewares/ST/STM32_USB_Device_Library/Class/HID/Src/usbd_hid.o
 *fill*         0x2000013e        0x2 
 .data.HS_Desc  0x20000140       0x1c ./USB_DEVICE/App/usbd_desc.o
                0x20000140                HS_Desc
 .data.USBD_HS_DeviceDesc
                0x2000015c       0x12 ./USB_DEVICE/App/usbd_desc.o
                0x2000015c                USBD_HS_DeviceDesc
 *fill*         0x2000016e        0x2 
 .data.USBD_LangIDDesc
                0x20000170        0x4 ./USB_DEVICE/App/usbd_desc.o
                0x20000170                USBD_LangIDDesc
 .data.USBD_StringSerial
                0x20000174       0x1a ./USB_DEVICE/App/usbd_desc.o
                0x20000174                USBD_StringSerial
 *(.RamFunc)
 *(.RamFunc*)
                0x20000190                        . = ALIGN (0x4)
 *fill*         0x2000018e        0x2 
                0x20000190                        _edata = .
                0x08009064                        _siccmram = LOADADDR (.ccmram)

.igot.plt       0x20000190        0x0 load address 0x08009064
 .igot.plt      0x20000190        0x0 D:/ProgramData/IDE/STM32CubeIDE_1.17.0/STM32CubeIDE/plugins/com.st.stm32cube.ide.mcu.externaltools.gnu-tools-for-stm32.13.3.rel1.win32_1.0.0.202411081344/tools/bin/../lib/gcc/arm-none-eabi/13.3.1/thumb/v7e-m+fp/hard/crtbegin.o

.ccmram         0x10000000        0x0 load address 0x08009064
                0x10000000                        . = ALIGN (0x4)
                0x10000000                        _sccmram = .
 *(.ccmram)
 *(.ccmram*)
                0x10000000                        . = ALIGN (0x4)
                0x10000000                        _eccmram = .
                0x10000000                        . = ALIGN (0x4)

.bss            0x20000190      0xb00
                0x20000190                        _sbss = .
                0x20000190                        __bss_start__ = _sbss
 *(.bss)
 .bss           0x20000190       0x1c D:/ProgramData/IDE/STM32CubeIDE_1.17.0/STM32CubeIDE/plugins/com.st.stm32cube.ide.mcu.externaltools.gnu-tools-for-stm32.13.3.rel1.win32_1.0.0.202411081344/tools/bin/../lib/gcc/arm-none-eabi/13.3.1/thumb/v7e-m+fp/hard/crtbegin.o
 *(.bss*)
 .bss.adc_buffer
                0x200001ac        0x8 ./Core/Src/adc_control.o
                0x200001ac                adc_buffer
 .bss.hadc1     0x200001b4       0x48 ./Core/Src/main.o
                0x200001b4                hadc1
 .bss.hdma_adc1
                0x200001fc       0x60 ./Core/Src/main.o
                0x200001fc                hdma_adc1
 .bss.huart1    0x2000025c       0x48 ./Core/Src/main.o
                0x2000025c                huart1
 .bss.move_x    0x200002a4        0x4 ./Core/Src/main.o
                0x200002a4                move_x
 .bss.move_y    0x200002a8        0x4 ./Core/Src/main.o
                0x200002a8                move_y
 .bss.mouse_x   0x200002ac        0x4 ./Core/Src/main.o
                0x200002ac                mouse_x
 .bss.mouse_y   0x200002b0        0x4 ./Core/Src/main.o
                0x200002b0                mouse_y
 .bss.uwTick    0x200002b4        0x4 ./Drivers/STM32F4xx_HAL_Driver/Src/stm32f4xx_hal.o
                0x200002b4                uwTick
 .bss.cfgidx.0  0x200002b8        0x1 ./Middlewares/ST/STM32_USB_Device_Library/Core/Src/usbd_ctlreq.o
 *fill*         0x200002b9        0x3 
 .bss.hUsbDeviceHS
                0x200002bc      0x2dc ./USB_DEVICE/App/usb_device.o
                0x200002bc                hUsbDeviceHS
 .bss.USBD_StrDesc
                0x20000598      0x200 ./USB_DEVICE/App/usbd_desc.o
                0x20000598                USBD_StrDesc
 .bss.hpcd_USB_OTG_HS
                0x20000798      0x4e4 ./USB_DEVICE/Target/usbd_conf.o
                0x20000798                hpcd_USB_OTG_HS
 .bss.mem.0     0x20000c7c       0x14 ./USB_DEVICE/Target/usbd_conf.o
 *(COMMON)
                0x20000c90                        . = ALIGN (0x4)
                0x20000c90                        _ebss = .
                0x20000c90                        __bss_end__ = _ebss

._user_heap_stack
                0x20000c90      0x600
                0x20000c90                        . = ALIGN (0x8)
                [!provide]                        PROVIDE (end = .)
                0x20000c90                        PROVIDE (_end = .)
                0x20000e90                        . = (. + _Min_Heap_Size)
 *fill*         0x20000c90      0x200 
                0x20001290                        . = (. + _Min_Stack_Size)
 *fill*         0x20000e90      0x400 
                0x20001290                        . = ALIGN (0x8)

/DISCARD/
 libc.a(*)
 libm.a(*)
 libgcc.a(*)

.ARM.attributes
                0x00000000       0x30
 *(.ARM.attributes)
 .ARM.attributes
                0x00000000       0x22 D:/ProgramData/IDE/STM32CubeIDE_1.17.0/STM32CubeIDE/plugins/com.st.stm32cube.ide.mcu.externaltools.gnu-tools-for-stm32.13.3.rel1.win32_1.0.0.202411081344/tools/bin/../lib/gcc/arm-none-eabi/13.3.1/thumb/v7e-m+fp/hard/crti.o
 .ARM.attributes
                0x00000022       0x34 D:/ProgramData/IDE/STM32CubeIDE_1.17.0/STM32CubeIDE/plugins/com.st.stm32cube.ide.mcu.externaltools.gnu-tools-for-stm32.13.3.rel1.win32_1.0.0.202411081344/tools/bin/../lib/gcc/arm-none-eabi/13.3.1/thumb/v7e-m+fp/hard/crtbegin.o
 .ARM.attributes
                0x00000056       0x34 ./Core/Src/adc_control.o
 .ARM.attributes
                0x0000008a       0x34 ./Core/Src/main.o
 .ARM.attributes
                0x000000be       0x34 ./Core/Src/mapPinKey.o
 .ARM.attributes
                0x000000f2       0x34 ./Core/Src/stm32f4xx_hal_msp.o
 .ARM.attributes
                0x00000126       0x34 ./Core/Src/stm32f4xx_it.o
 .ARM.attributes
                0x0000015a       0x34 ./Core/Src/system_stm32f4xx.o
 .ARM.attributes
                0x0000018e       0x21 ./Core/Startup/startup_stm32f429zitx.o
 .ARM.attributes
                0x000001af       0x34 ./Drivers/STM32F4xx_HAL_Driver/Src/stm32f4xx_hal.o
 .ARM.attributes
                0x000001e3       0x34 ./Drivers/STM32F4xx_HAL_Driver/Src/stm32f4xx_hal_adc.o
 .ARM.attributes
                0x00000217       0x34 ./Drivers/STM32F4xx_HAL_Driver/Src/stm32f4xx_hal_adc_ex.o
 .ARM.attributes
                0x0000024b       0x34 ./Drivers/STM32F4xx_HAL_Driver/Src/stm32f4xx_hal_cortex.o
 .ARM.attributes
                0x0000027f       0x34 ./Drivers/STM32F4xx_HAL_Driver/Src/stm32f4xx_hal_dma.o
 .ARM.attributes
                0x000002b3       0x34 ./Drivers/STM32F4xx_HAL_Driver/Src/stm32f4xx_hal_gpio.o
 .ARM.attributes
                0x000002e7       0x34 ./Drivers/STM32F4xx_HAL_Driver/Src/stm32f4xx_hal_pcd.o
 .ARM.attributes
                0x0000031b       0x34 ./Drivers/STM32F4xx_HAL_Driver/Src/stm32f4xx_hal_pcd_ex.o
 .ARM.attributes
                0x0000034f       0x34 ./Drivers/STM32F4xx_HAL_Driver/Src/stm32f4xx_hal_rcc.o
 .ARM.attributes
                0x00000383       0x34 ./Drivers/STM32F4xx_HAL_Driver/Src/stm32f4xx_hal_uart.o
 .ARM.attributes
                0x000003b7       0x34 ./Drivers/STM32F4xx_HAL_Driver/Src/stm32f4xx_ll_usb.o
 .ARM.attributes
                0x000003eb       0x34 ./Middlewares/ST/STM32_USB_Device_Library/Class/HID/Src/usbd_hid.o
 .ARM.attributes
                0x0000041f       0x34 ./Middlewares/ST/STM32_USB_Device_Library/Core/Src/usbd_core.o
 .ARM.attributes
                0x00000453       0x34 ./Middlewares/ST/STM32_USB_Device_Library/Core/Src/usbd_ctlreq.o
 .ARM.attributes
                0x00000487       0x34 ./Middlewares/ST/STM32_USB_Device_Library/Core/Src/usbd_ioreq.o
 .ARM.attributes
                0x000004bb       0x34 ./USB_DEVICE/App/usb_device.o
 .ARM.attributes
                0x000004ef       0x34 ./USB_DEVICE/App/usbd_desc.o
 .ARM.attributes
                0x00000523       0x34 ./USB_DEVICE/Target/usbd_conf.o
 .ARM.attributes
                0x00000557       0x34 D:/ProgramData/IDE/STM32CubeIDE_1.17.0/STM32CubeIDE/plugins/com.st.stm32cube.ide.mcu.externaltools.gnu-tools-for-stm32.13.3.rel1.win32_1.0.0.202411081344/tools/bin/../lib/gcc/arm-none-eabi/13.3.1/../../../../arm-none-eabi/lib/thumb/v7e-m+fp/hard\libc_nano.a(libc_a-memset.o)
 .ARM.attributes
                0x0000058b       0x34 D:/ProgramData/IDE/STM32CubeIDE_1.17.0/STM32CubeIDE/plugins/com.st.stm32cube.ide.mcu.externaltools.gnu-tools-for-stm32.13.3.rel1.win32_1.0.0.202411081344/tools/bin/../lib/gcc/arm-none-eabi/13.3.1/../../../../arm-none-eabi/lib/thumb/v7e-m+fp/hard\libc_nano.a(libc_a-init.o)
 .ARM.attributes
                0x000005bf       0x22 D:/ProgramData/IDE/STM32CubeIDE_1.17.0/STM32CubeIDE/plugins/com.st.stm32cube.ide.mcu.externaltools.gnu-tools-for-stm32.13.3.rel1.win32_1.0.0.202411081344/tools/bin/../lib/gcc/arm-none-eabi/13.3.1/thumb/v7e-m+fp/hard\libgcc.a(_arm_addsubdf3.o)
 .ARM.attributes
                0x000005e1       0x22 D:/ProgramData/IDE/STM32CubeIDE_1.17.0/STM32CubeIDE/plugins/com.st.stm32cube.ide.mcu.externaltools.gnu-tools-for-stm32.13.3.rel1.win32_1.0.0.202411081344/tools/bin/../lib/gcc/arm-none-eabi/13.3.1/thumb/v7e-m+fp/hard\libgcc.a(_arm_muldivdf3.o)
 .ARM.attributes
                0x00000603       0x22 D:/ProgramData/IDE/STM32CubeIDE_1.17.0/STM32CubeIDE/plugins/com.st.stm32cube.ide.mcu.externaltools.gnu-tools-for-stm32.13.3.rel1.win32_1.0.0.202411081344/tools/bin/../lib/gcc/arm-none-eabi/13.3.1/thumb/v7e-m+fp/hard\libgcc.a(_arm_fixdfsi.o)
 .ARM.attributes
                0x00000625       0x22 D:/ProgramData/IDE/STM32CubeIDE_1.17.0/STM32CubeIDE/plugins/com.st.stm32cube.ide.mcu.externaltools.gnu-tools-for-stm32.13.3.rel1.win32_1.0.0.202411081344/tools/bin/../lib/gcc/arm-none-eabi/13.3.1/thumb/v7e-m+fp/hard\libgcc.a(_aeabi_uldivmod.o)
 .ARM.attributes
                0x00000647       0x34 D:/ProgramData/IDE/STM32CubeIDE_1.17.0/STM32CubeIDE/plugins/com.st.stm32cube.ide.mcu.externaltools.gnu-tools-for-stm32.13.3.rel1.win32_1.0.0.202411081344/tools/bin/../lib/gcc/arm-none-eabi/13.3.1/thumb/v7e-m+fp/hard\libgcc.a(_udivmoddi4.o)
 .ARM.attributes
                0x0000067b       0x22 D:/ProgramData/IDE/STM32CubeIDE_1.17.0/STM32CubeIDE/plugins/com.st.stm32cube.ide.mcu.externaltools.gnu-tools-for-stm32.13.3.rel1.win32_1.0.0.202411081344/tools/bin/../lib/gcc/arm-none-eabi/13.3.1/thumb/v7e-m+fp/hard\libgcc.a(_dvmd_tls.o)
 .ARM.attributes
                0x0000069d       0x22 D:/ProgramData/IDE/STM32CubeIDE_1.17.0/STM32CubeIDE/plugins/com.st.stm32cube.ide.mcu.externaltools.gnu-tools-for-stm32.13.3.rel1.win32_1.0.0.202411081344/tools/bin/../lib/gcc/arm-none-eabi/13.3.1/thumb/v7e-m+fp/hard/crtn.o
OUTPUT(PS5_usb.elf elf32-littlearm)
LOAD linker stubs
LOAD D:/ProgramData/IDE/STM32CubeIDE_1.17.0/STM32CubeIDE/plugins/com.st.stm32cube.ide.mcu.externaltools.gnu-tools-for-stm32.13.3.rel1.win32_1.0.0.202411081344/tools/bin/../lib/gcc/arm-none-eabi/13.3.1/../../../../arm-none-eabi/lib/thumb/v7e-m+fp/hard\libc.a
LOAD D:/ProgramData/IDE/STM32CubeIDE_1.17.0/STM32CubeIDE/plugins/com.st.stm32cube.ide.mcu.externaltools.gnu-tools-for-stm32.13.3.rel1.win32_1.0.0.202411081344/tools/bin/../lib/gcc/arm-none-eabi/13.3.1/../../../../arm-none-eabi/lib/thumb/v7e-m+fp/hard\libm.a
LOAD D:/ProgramData/IDE/STM32CubeIDE_1.17.0/STM32CubeIDE/plugins/com.st.stm32cube.ide.mcu.externaltools.gnu-tools-for-stm32.13.3.rel1.win32_1.0.0.202411081344/tools/bin/../lib/gcc/arm-none-eabi/13.3.1/thumb/v7e-m+fp/hard\libgcc.a

.debug_info     0x00000000    0x14402
 .debug_info    0x00000000      0x668 ./Core/Src/adc_control.o
 .debug_info    0x00000668     0x193f ./Core/Src/main.o
 .debug_info    0x00001fa7      0x51b ./Core/Src/mapPinKey.o
 .debug_info    0x000024c2      0xf04 ./Core/Src/stm32f4xx_hal_msp.o
 .debug_info    0x000033c6      0xb24 ./Core/Src/stm32f4xx_it.o
 .debug_info    0x00003eea      0x52e ./Core/Src/system_stm32f4xx.o
 .debug_info    0x00004418       0x30 ./Core/Startup/startup_stm32f429zitx.o
 .debug_info    0x00004448      0x9ba ./Drivers/STM32F4xx_HAL_Driver/Src/stm32f4xx_hal.o
 .debug_info    0x00004e02      0xce3 ./Drivers/STM32F4xx_HAL_Driver/Src/stm32f4xx_hal_adc.o
 .debug_info    0x00005ae5      0xb68 ./Drivers/STM32F4xx_HAL_Driver/Src/stm32f4xx_hal_adc_ex.o
 .debug_info    0x0000664d      0xdc2 ./Drivers/STM32F4xx_HAL_Driver/Src/stm32f4xx_hal_cortex.o
 .debug_info    0x0000740f      0x8e7 ./Drivers/STM32F4xx_HAL_Driver/Src/stm32f4xx_hal_dma.o
 .debug_info    0x00007cf6      0x6db ./Drivers/STM32F4xx_HAL_Driver/Src/stm32f4xx_hal_gpio.o
 .debug_info    0x000083d1     0x156f ./Drivers/STM32F4xx_HAL_Driver/Src/stm32f4xx_hal_pcd.o
 .debug_info    0x00009940      0x6ea ./Drivers/STM32F4xx_HAL_Driver/Src/stm32f4xx_hal_pcd_ex.o
 .debug_info    0x0000a02a      0x8db ./Drivers/STM32F4xx_HAL_Driver/Src/stm32f4xx_hal_rcc.o
 .debug_info    0x0000a905     0x2f4f ./Drivers/STM32F4xx_HAL_Driver/Src/stm32f4xx_hal_uart.o
 .debug_info    0x0000d854     0x1993 ./Drivers/STM32F4xx_HAL_Driver/Src/stm32f4xx_ll_usb.o
 .debug_info    0x0000f1e7      0xa91 ./Middlewares/ST/STM32_USB_Device_Library/Class/HID/Src/usbd_hid.o
 .debug_info    0x0000fc78      0xe12 ./Middlewares/ST/STM32_USB_Device_Library/Core/Src/usbd_core.o
 .debug_info    0x00010a8a      0xaeb ./Middlewares/ST/STM32_USB_Device_Library/Core/Src/usbd_ctlreq.o
 .debug_info    0x00011575      0x762 ./Middlewares/ST/STM32_USB_Device_Library/Core/Src/usbd_ioreq.o
 .debug_info    0x00011cd7      0x5fc ./USB_DEVICE/App/usb_device.o
 .debug_info    0x000122d3      0x458 ./USB_DEVICE/App/usbd_desc.o
 .debug_info    0x0001272b     0x1cd7 ./USB_DEVICE/Target/usbd_conf.o

.debug_abbrev   0x00000000     0x36da
 .debug_abbrev  0x00000000      0x1a0 ./Core/Src/adc_control.o
 .debug_abbrev  0x000001a0      0x321 ./Core/Src/main.o
 .debug_abbrev  0x000004c1      0x1f1 ./Core/Src/mapPinKey.o
 .debug_abbrev  0x000006b2      0x20b ./Core/Src/stm32f4xx_hal_msp.o
 .debug_abbrev  0x000008bd      0x1d2 ./Core/Src/stm32f4xx_it.o
 .debug_abbrev  0x00000a8f      0x11a ./Core/Src/system_stm32f4xx.o
 .debug_abbrev  0x00000ba9       0x24 ./Core/Startup/startup_stm32f429zitx.o
 .debug_abbrev  0x00000bcd      0x214 ./Drivers/STM32F4xx_HAL_Driver/Src/stm32f4xx_hal.o
 .debug_abbrev  0x00000de1      0x252 ./Drivers/STM32F4xx_HAL_Driver/Src/stm32f4xx_hal_adc.o
 .debug_abbrev  0x00001033      0x270 ./Drivers/STM32F4xx_HAL_Driver/Src/stm32f4xx_hal_adc_ex.o
 .debug_abbrev  0x000012a3      0x31d ./Drivers/STM32F4xx_HAL_Driver/Src/stm32f4xx_hal_cortex.o
 .debug_abbrev  0x000015c0      0x264 ./Drivers/STM32F4xx_HAL_Driver/Src/stm32f4xx_hal_dma.o
 .debug_abbrev  0x00001824      0x1d4 ./Drivers/STM32F4xx_HAL_Driver/Src/stm32f4xx_hal_gpio.o
 .debug_abbrev  0x000019f8      0x2b9 ./Drivers/STM32F4xx_HAL_Driver/Src/stm32f4xx_hal_pcd.o
 .debug_abbrev  0x00001cb1      0x1da ./Drivers/STM32F4xx_HAL_Driver/Src/stm32f4xx_hal_pcd_ex.o
 .debug_abbrev  0x00001e8b      0x2b7 ./Drivers/STM32F4xx_HAL_Driver/Src/stm32f4xx_hal_rcc.o
 .debug_abbrev  0x00002142      0x30e ./Drivers/STM32F4xx_HAL_Driver/Src/stm32f4xx_hal_uart.o
 .debug_abbrev  0x00002450      0x2b3 ./Drivers/STM32F4xx_HAL_Driver/Src/stm32f4xx_ll_usb.o
 .debug_abbrev  0x00002703      0x2a2 ./Middlewares/ST/STM32_USB_Device_Library/Class/HID/Src/usbd_hid.o
 .debug_abbrev  0x000029a5      0x27c ./Middlewares/ST/STM32_USB_Device_Library/Core/Src/usbd_core.o
 .debug_abbrev  0x00002c21      0x26f ./Middlewares/ST/STM32_USB_Device_Library/Core/Src/usbd_ctlreq.o
 .debug_abbrev  0x00002e90      0x19a ./Middlewares/ST/STM32_USB_Device_Library/Core/Src/usbd_ioreq.o
 .debug_abbrev  0x0000302a      0x190 ./USB_DEVICE/App/usb_device.o
 .debug_abbrev  0x000031ba      0x1e1 ./USB_DEVICE/App/usbd_desc.o
 .debug_abbrev  0x0000339b      0x33f ./USB_DEVICE/Target/usbd_conf.o

.debug_aranges  0x00000000      0xfb8
 .debug_aranges
                0x00000000       0x28 ./Core/Src/adc_control.o
 .debug_aranges
                0x00000028       0x50 ./Core/Src/main.o
 .debug_aranges
                0x00000078       0x48 ./Core/Src/mapPinKey.o
 .debug_aranges
                0x000000c0       0x40 ./Core/Src/stm32f4xx_hal_msp.o
 .debug_aranges
                0x00000100       0x78 ./Core/Src/stm32f4xx_it.o
 .debug_aranges
                0x00000178       0x28 ./Core/Src/system_stm32f4xx.o
 .debug_aranges
                0x000001a0       0x28 ./Core/Startup/startup_stm32f429zitx.o
 .debug_aranges
                0x000001c8      0x100 ./Drivers/STM32F4xx_HAL_Driver/Src/stm32f4xx_hal.o
 .debug_aranges
                0x000002c8       0xe8 ./Drivers/STM32F4xx_HAL_Driver/Src/stm32f4xx_hal_adc.o
 .debug_aranges
                0x000003b0       0x90 ./Drivers/STM32F4xx_HAL_Driver/Src/stm32f4xx_hal_adc_ex.o
 .debug_aranges
                0x00000440      0x130 ./Drivers/STM32F4xx_HAL_Driver/Src/stm32f4xx_hal_cortex.o
 .debug_aranges
                0x00000570       0x90 ./Drivers/STM32F4xx_HAL_Driver/Src/stm32f4xx_hal_dma.o
 .debug_aranges
                0x00000600       0x58 ./Drivers/STM32F4xx_HAL_Driver/Src/stm32f4xx_hal_gpio.o
 .debug_aranges
                0x00000658      0x148 ./Drivers/STM32F4xx_HAL_Driver/Src/stm32f4xx_hal_pcd.o
 .debug_aranges
                0x000007a0       0x38 ./Drivers/STM32F4xx_HAL_Driver/Src/stm32f4xx_hal_pcd_ex.o
 .debug_aranges
                0x000007d8       0x88 ./Drivers/STM32F4xx_HAL_Driver/Src/stm32f4xx_hal_rcc.o
 .debug_aranges
                0x00000860      0x208 ./Drivers/STM32F4xx_HAL_Driver/Src/stm32f4xx_hal_uart.o
 .debug_aranges
                0x00000a68      0x1a0 ./Drivers/STM32F4xx_HAL_Driver/Src/stm32f4xx_ll_usb.o
 .debug_aranges
                0x00000c08       0x68 ./Middlewares/ST/STM32_USB_Device_Library/Class/HID/Src/usbd_hid.o
 .debug_aranges
                0x00000c70       0xd8 ./Middlewares/ST/STM32_USB_Device_Library/Core/Src/usbd_core.o
 .debug_aranges
                0x00000d48       0x90 ./Middlewares/ST/STM32_USB_Device_Library/Core/Src/usbd_ctlreq.o
 .debug_aranges
                0x00000dd8       0x50 ./Middlewares/ST/STM32_USB_Device_Library/Core/Src/usbd_ioreq.o
 .debug_aranges
                0x00000e28       0x20 ./USB_DEVICE/App/usb_device.o
 .debug_aranges
                0x00000e48       0x60 ./USB_DEVICE/App/usbd_desc.o
 .debug_aranges
                0x00000ea8      0x110 ./USB_DEVICE/Target/usbd_conf.o

.debug_rnglists
                0x00000000      0xbe7
 .debug_rnglists
                0x00000000       0x1a ./Core/Src/adc_control.o
 .debug_rnglists
                0x0000001a       0x3b ./Core/Src/main.o
 .debug_rnglists
                0x00000055       0x33 ./Core/Src/mapPinKey.o
 .debug_rnglists
                0x00000088       0x2d ./Core/Src/stm32f4xx_hal_msp.o
 .debug_rnglists
                0x000000b5       0x55 ./Core/Src/stm32f4xx_it.o
 .debug_rnglists
                0x0000010a       0x1a ./Core/Src/system_stm32f4xx.o
 .debug_rnglists
                0x00000124       0x19 ./Core/Startup/startup_stm32f429zitx.o
 .debug_rnglists
                0x0000013d       0xbb ./Drivers/STM32F4xx_HAL_Driver/Src/stm32f4xx_hal.o
 .debug_rnglists
                0x000001f8       0xb5 ./Drivers/STM32F4xx_HAL_Driver/Src/stm32f4xx_hal_adc.o
 .debug_rnglists
                0x000002ad       0x71 ./Drivers/STM32F4xx_HAL_Driver/Src/stm32f4xx_hal_adc_ex.o
 .debug_rnglists
                0x0000031e       0xe0 ./Drivers/STM32F4xx_HAL_Driver/Src/stm32f4xx_hal_cortex.o
 .debug_rnglists
                0x000003fe       0x70 ./Drivers/STM32F4xx_HAL_Driver/Src/stm32f4xx_hal_dma.o
 .debug_rnglists
                0x0000046e       0x3f ./Drivers/STM32F4xx_HAL_Driver/Src/stm32f4xx_hal_gpio.o
 .debug_rnglists
                0x000004ad       0xfa ./Drivers/STM32F4xx_HAL_Driver/Src/stm32f4xx_hal_pcd.o
 .debug_rnglists
                0x000005a7       0x26 ./Drivers/STM32F4xx_HAL_Driver/Src/stm32f4xx_hal_pcd_ex.o
 .debug_rnglists
                0x000005cd       0x66 ./Drivers/STM32F4xx_HAL_Driver/Src/stm32f4xx_hal_rcc.o
 .debug_rnglists
                0x00000633      0x1bc ./Drivers/STM32F4xx_HAL_Driver/Src/stm32f4xx_hal_uart.o
 .debug_rnglists
                0x000007ef      0x147 ./Drivers/STM32F4xx_HAL_Driver/Src/stm32f4xx_ll_usb.o
 .debug_rnglists
                0x00000936       0x4c ./Middlewares/ST/STM32_USB_Device_Library/Class/HID/Src/usbd_hid.o
 .debug_rnglists
                0x00000982       0xa1 ./Middlewares/ST/STM32_USB_Device_Library/Core/Src/usbd_core.o
 .debug_rnglists
                0x00000a23       0x6e ./Middlewares/ST/STM32_USB_Device_Library/Core/Src/usbd_ctlreq.o
 .debug_rnglists
                0x00000a91       0x37 ./Middlewares/ST/STM32_USB_Device_Library/Core/Src/usbd_ioreq.o
 .debug_rnglists
                0x00000ac8       0x13 ./USB_DEVICE/App/usb_device.o
 .debug_rnglists
                0x00000adb       0x43 ./USB_DEVICE/App/usbd_desc.o
 .debug_rnglists
                0x00000b1e       0xc9 ./USB_DEVICE/Target/usbd_conf.o

.debug_macro    0x00000000    0x27385
 .debug_macro   0x00000000      0x2f5 ./Core/Src/adc_control.o
 .debug_macro   0x000002f5      0xad8 ./Core/Src/adc_control.o
 .debug_macro   0x00000dcd      0x2a1 ./Core/Src/adc_control.o
 .debug_macro   0x0000106e       0x2e ./Core/Src/adc_control.o
 .debug_macro   0x0000109c       0x28 ./Core/Src/adc_control.o
 .debug_macro   0x000010c4       0x22 ./Core/Src/adc_control.o
 .debug_macro   0x000010e6       0x8e ./Core/Src/adc_control.o
 .debug_macro   0x00001174       0x51 ./Core/Src/adc_control.o
 .debug_macro   0x000011c5      0x103 ./Core/Src/adc_control.o
 .debug_macro   0x000012c8       0x6a ./Core/Src/adc_control.o
 .debug_macro   0x00001332      0x1df ./Core/Src/adc_control.o
 .debug_macro   0x00001511       0x1c ./Core/Src/adc_control.o
 .debug_macro   0x0000152d       0x22 ./Core/Src/adc_control.o
 .debug_macro   0x0000154f       0xfb ./Core/Src/adc_control.o
 .debug_macro   0x0000164a     0x1011 ./Core/Src/adc_control.o
 .debug_macro   0x0000265b      0x11f ./Core/Src/adc_control.o
 .debug_macro   0x0000277a    0x17ff1 ./Core/Src/adc_control.o
 .debug_macro   0x0001a76b       0x6d ./Core/Src/adc_control.o
 .debug_macro   0x0001a7d8     0x370a ./Core/Src/adc_control.o
 .debug_macro   0x0001dee2      0x190 ./Core/Src/adc_control.o
 .debug_macro   0x0001e072       0x5c ./Core/Src/adc_control.o
 .debug_macro   0x0001e0ce      0xcba ./Core/Src/adc_control.o
 .debug_macro   0x0001ed88      0x9e9 ./Core/Src/adc_control.o
 .debug_macro   0x0001f771      0x115 ./Core/Src/adc_control.o
 .debug_macro   0x0001f886      0x156 ./Core/Src/adc_control.o
 .debug_macro   0x0001f9dc       0xa5 ./Core/Src/adc_control.o
 .debug_macro   0x0001fa81      0x182 ./Core/Src/adc_control.o
 .debug_macro   0x0001fc03      0x287 ./Core/Src/adc_control.o
 .debug_macro   0x0001fe8a       0x5f ./Core/Src/adc_control.o
 .debug_macro   0x0001fee9      0x236 ./Core/Src/adc_control.o
 .debug_macro   0x0002011f      0xb54 ./Core/Src/adc_control.o
 .debug_macro   0x00020c73      0x38b ./Core/Src/adc_control.o
 .debug_macro   0x00020ffe      0x184 ./Core/Src/adc_control.o
 .debug_macro   0x00021182       0xf9 ./Core/Src/adc_control.o
 .debug_macro   0x0002127b      0x132 ./Core/Src/adc_control.o
 .debug_macro   0x000213ad      0x41d ./Core/Src/adc_control.o
 .debug_macro   0x000217ca       0x2e ./Core/Src/adc_control.o
 .debug_macro   0x000217f8      0x127 ./Core/Src/adc_control.o
 .debug_macro   0x0002191f       0xe2 ./Core/Src/adc_control.o
 .debug_macro   0x00021a01       0x89 ./Core/Src/adc_control.o
 .debug_macro   0x00021a8a      0x2aa ./Core/Src/adc_control.o
 .debug_macro   0x00021d34      0x293 ./Core/Src/adc_control.o
 .debug_macro   0x00021fc7       0xba ./Core/Src/adc_control.o
 .debug_macro   0x00022081      0x134 ./Core/Src/adc_control.o
 .debug_macro   0x000221b5       0xb8 ./Core/Src/adc_control.o
 .debug_macro   0x0002226d       0x2a ./Core/Src/adc_control.o
 .debug_macro   0x00022297       0x61 ./Core/Src/adc_control.o
 .debug_macro   0x000222f8       0x43 ./Core/Src/adc_control.o
 .debug_macro   0x0002233b       0x34 ./Core/Src/adc_control.o
 .debug_macro   0x0002236f       0x16 ./Core/Src/adc_control.o
 .debug_macro   0x00022385       0x3c ./Core/Src/adc_control.o
 .debug_macro   0x000223c1      0x370 ./Core/Src/adc_control.o
 .debug_macro   0x00022731       0x16 ./Core/Src/adc_control.o
 .debug_macro   0x00022747       0x4a ./Core/Src/adc_control.o
 .debug_macro   0x00022791       0x34 ./Core/Src/adc_control.o
 .debug_macro   0x000227c5       0x10 ./Core/Src/adc_control.o
 .debug_macro   0x000227d5       0x58 ./Core/Src/adc_control.o
 .debug_macro   0x0002282d       0x8e ./Core/Src/adc_control.o
 .debug_macro   0x000228bb       0x1c ./Core/Src/adc_control.o
 .debug_macro   0x000228d7      0x185 ./Core/Src/adc_control.o
 .debug_macro   0x00022a5c       0x16 ./Core/Src/adc_control.o
 .debug_macro   0x00022a72       0x29 ./Core/Src/adc_control.o
 .debug_macro   0x00022a9b      0x3d4 ./Core/Src/main.o
 .debug_macro   0x00022e6f       0x16 ./Core/Src/main.o
 .debug_macro   0x00022e85       0x10 ./Core/Src/main.o
 .debug_macro   0x00022e95       0x16 ./Core/Src/main.o
 .debug_macro   0x00022eab       0x16 ./Core/Src/main.o
 .debug_macro   0x00022ec1      0x146 ./Core/Src/main.o
 .debug_macro   0x00023007       0x16 ./Core/Src/main.o
 .debug_macro   0x0002301d       0x20 ./Core/Src/main.o
 .debug_macro   0x0002303d       0x6b ./Core/Src/main.o
 .debug_macro   0x000230a8      0x20f ./Core/Src/main.o
 .debug_macro   0x000232b7       0x5f ./Core/Src/main.o
 .debug_macro   0x00023316      0x27c ./Core/Src/main.o
 .debug_macro   0x00023592       0x10 ./Core/Src/main.o
 .debug_macro   0x000235a2      0x22c ./Core/Src/mapPinKey.o
 .debug_macro   0x000237ce      0x215 ./Core/Src/stm32f4xx_hal_msp.o
 .debug_macro   0x000239e3      0x21f ./Core/Src/stm32f4xx_it.o
 .debug_macro   0x00023c02      0x206 ./Core/Src/system_stm32f4xx.o
 .debug_macro   0x00023e08      0x266 ./Drivers/STM32F4xx_HAL_Driver/Src/stm32f4xx_hal.o
 .debug_macro   0x0002406e      0x207 ./Drivers/STM32F4xx_HAL_Driver/Src/stm32f4xx_hal_adc.o
 .debug_macro   0x00024275      0x206 ./Drivers/STM32F4xx_HAL_Driver/Src/stm32f4xx_hal_adc_ex.o
 .debug_macro   0x0002447b      0x206 ./Drivers/STM32F4xx_HAL_Driver/Src/stm32f4xx_hal_cortex.o
 .debug_macro   0x00024681      0x20c ./Drivers/STM32F4xx_HAL_Driver/Src/stm32f4xx_hal_dma.o
 .debug_macro   0x0002488d      0x20c ./Drivers/STM32F4xx_HAL_Driver/Src/stm32f4xx_hal_gpio.o
 .debug_macro   0x00024a99      0x212 ./Drivers/STM32F4xx_HAL_Driver/Src/stm32f4xx_hal_pcd.o
 .debug_macro   0x00024cab      0x206 ./Drivers/STM32F4xx_HAL_Driver/Src/stm32f4xx_hal_pcd_ex.o
 .debug_macro   0x00024eb1      0x22a ./Drivers/STM32F4xx_HAL_Driver/Src/stm32f4xx_hal_rcc.o
 .debug_macro   0x000250db      0x207 ./Drivers/STM32F4xx_HAL_Driver/Src/stm32f4xx_hal_uart.o
 .debug_macro   0x000252e2      0x206 ./Drivers/STM32F4xx_HAL_Driver/Src/stm32f4xx_ll_usb.o
 .debug_macro   0x000254e8      0x3a4 ./Middlewares/ST/STM32_USB_Device_Library/Class/HID/Src/usbd_hid.o
 .debug_macro   0x0002588c       0x9e ./Middlewares/ST/STM32_USB_Device_Library/Class/HID/Src/usbd_hid.o
 .debug_macro   0x0002592a      0x112 ./Middlewares/ST/STM32_USB_Device_Library/Class/HID/Src/usbd_hid.o
 .debug_macro   0x00025a3c       0x56 ./Middlewares/ST/STM32_USB_Device_Library/Class/HID/Src/usbd_hid.o
 .debug_macro   0x00025a92      0x38b ./Middlewares/ST/STM32_USB_Device_Library/Core/Src/usbd_core.o
 .debug_macro   0x00025e1d      0x215 ./Middlewares/ST/STM32_USB_Device_Library/Core/Src/usbd_core.o
 .debug_macro   0x00026032      0x395 ./Middlewares/ST/STM32_USB_Device_Library/Core/Src/usbd_ctlreq.o
 .debug_macro   0x000263c7      0x391 ./Middlewares/ST/STM32_USB_Device_Library/Core/Src/usbd_ioreq.o
 .debug_macro   0x00026758      0x3bb ./USB_DEVICE/App/usb_device.o
 .debug_macro   0x00026b13       0xbe ./USB_DEVICE/App/usb_device.o
 .debug_macro   0x00026bd1       0x22 ./USB_DEVICE/App/usb_device.o
 .debug_macro   0x00026bf3      0x3ce ./USB_DEVICE/App/usbd_desc.o
 .debug_macro   0x00026fc1       0x1c ./USB_DEVICE/App/usbd_desc.o
 .debug_macro   0x00026fdd      0x3a8 ./USB_DEVICE/Target/usbd_conf.o

.debug_line     0x00000000    0x1645e
 .debug_line    0x00000000      0xa6c ./Core/Src/adc_control.o
 .debug_line    0x00000a6c      0xd93 ./Core/Src/main.o
 .debug_line    0x000017ff      0x952 ./Core/Src/mapPinKey.o
 .debug_line    0x00002151      0x86e ./Core/Src/stm32f4xx_hal_msp.o
 .debug_line    0x000029bf      0x89e ./Core/Src/stm32f4xx_it.o
 .debug_line    0x0000325d      0x81d ./Core/Src/system_stm32f4xx.o
 .debug_line    0x00003a7a       0x7a ./Core/Startup/startup_stm32f429zitx.o
 .debug_line    0x00003af4      0xacf ./Drivers/STM32F4xx_HAL_Driver/Src/stm32f4xx_hal.o
 .debug_line    0x000045c3     0x12bc ./Drivers/STM32F4xx_HAL_Driver/Src/stm32f4xx_hal_adc.o
 .debug_line    0x0000587f      0xee4 ./Drivers/STM32F4xx_HAL_Driver/Src/stm32f4xx_hal_adc_ex.o
 .debug_line    0x00006763      0xd69 ./Drivers/STM32F4xx_HAL_Driver/Src/stm32f4xx_hal_cortex.o
 .debug_line    0x000074cc     0x1005 ./Drivers/STM32F4xx_HAL_Driver/Src/stm32f4xx_hal_dma.o
 .debug_line    0x000084d1      0xc19 ./Drivers/STM32F4xx_HAL_Driver/Src/stm32f4xx_hal_gpio.o
 .debug_line    0x000090ea     0x14e4 ./Drivers/STM32F4xx_HAL_Driver/Src/stm32f4xx_hal_pcd.o
 .debug_line    0x0000a5ce      0x862 ./Drivers/STM32F4xx_HAL_Driver/Src/stm32f4xx_hal_pcd_ex.o
 .debug_line    0x0000ae30      0xea8 ./Drivers/STM32F4xx_HAL_Driver/Src/stm32f4xx_hal_rcc.o
 .debug_line    0x0000bcd8     0x25e1 ./Drivers/STM32F4xx_HAL_Driver/Src/stm32f4xx_hal_uart.o
 .debug_line    0x0000e2b9     0x1dcd ./Drivers/STM32F4xx_HAL_Driver/Src/stm32f4xx_ll_usb.o
 .debug_line    0x00010086      0xdcf ./Middlewares/ST/STM32_USB_Device_Library/Class/HID/Src/usbd_hid.o
 .debug_line    0x00010e55     0x10b9 ./Middlewares/ST/STM32_USB_Device_Library/Core/Src/usbd_core.o
 .debug_line    0x00011f0e     0x127b ./Middlewares/ST/STM32_USB_Device_Library/Core/Src/usbd_ctlreq.o
 .debug_line    0x00013189      0xbc0 ./Middlewares/ST/STM32_USB_Device_Library/Core/Src/usbd_ioreq.o
 .debug_line    0x00013d49      0xb67 ./USB_DEVICE/App/usb_device.o
 .debug_line    0x000148b0      0xc2f ./USB_DEVICE/App/usbd_desc.o
 .debug_line    0x000154df      0xf7f ./USB_DEVICE/Target/usbd_conf.o

.debug_str      0x00000000    0xe2eb6
 .debug_str     0x00000000    0xe2eb6 ./Core/Src/adc_control.o
                              0xdcde0 (size before relaxing)
 .debug_str     0x000e2eb6    0xdf6d2 ./Core/Src/main.o
 .debug_str     0x000e2eb6    0xd9e87 ./Core/Src/mapPinKey.o
 .debug_str     0x000e2eb6    0xda4cb ./Core/Src/stm32f4xx_hal_msp.o
 .debug_str     0x000e2eb6    0xd9f85 ./Core/Src/stm32f4xx_it.o
 .debug_str     0x000e2eb6    0xd9612 ./Core/Src/system_stm32f4xx.o
 .debug_str     0x000e2eb6       0x77 ./Core/Startup/startup_stm32f429zitx.o
 .debug_str     0x000e2eb6    0xda235 ./Drivers/STM32F4xx_HAL_Driver/Src/stm32f4xx_hal.o
 .debug_str     0x000e2eb6    0xd9bec ./Drivers/STM32F4xx_HAL_Driver/Src/stm32f4xx_hal_adc.o
 .debug_str     0x000e2eb6    0xd9c40 ./Drivers/STM32F4xx_HAL_Driver/Src/stm32f4xx_hal_adc_ex.o
 .debug_str     0x000e2eb6    0xd9f63 ./Drivers/STM32F4xx_HAL_Driver/Src/stm32f4xx_hal_cortex.o
 .debug_str     0x000e2eb6    0xd9a19 ./Drivers/STM32F4xx_HAL_Driver/Src/stm32f4xx_hal_dma.o
 .debug_str     0x000e2eb6    0xd978d ./Drivers/STM32F4xx_HAL_Driver/Src/stm32f4xx_hal_gpio.o
 .debug_str     0x000e2eb6    0xda0dd ./Drivers/STM32F4xx_HAL_Driver/Src/stm32f4xx_hal_pcd.o
 .debug_str     0x000e2eb6    0xd99cd ./Drivers/STM32F4xx_HAL_Driver/Src/stm32f4xx_hal_pcd_ex.o
 .debug_str     0x000e2eb6    0xd9a46 ./Drivers/STM32F4xx_HAL_Driver/Src/stm32f4xx_hal_rcc.o
 .debug_str     0x000e2eb6    0xda014 ./Drivers/STM32F4xx_HAL_Driver/Src/stm32f4xx_hal_uart.o
 .debug_str     0x000e2eb6    0xd9fb8 ./Drivers/STM32F4xx_HAL_Driver/Src/stm32f4xx_ll_usb.o
 .debug_str     0x000e2eb6    0xde317 ./Middlewares/ST/STM32_USB_Device_Library/Class/HID/Src/usbd_hid.o
 .debug_str     0x000e2eb6    0xde283 ./Middlewares/ST/STM32_USB_Device_Library/Core/Src/usbd_core.o
 .debug_str     0x000e2eb6    0xde0ae ./Middlewares/ST/STM32_USB_Device_Library/Core/Src/usbd_ctlreq.o
 .debug_str     0x000e2eb6    0xddf83 ./Middlewares/ST/STM32_USB_Device_Library/Core/Src/usbd_ioreq.o
 .debug_str     0x000e2eb6    0xde115 ./USB_DEVICE/App/usb_device.o
 .debug_str     0x000e2eb6    0xdde7b ./USB_DEVICE/App/usbd_desc.o
 .debug_str     0x000e2eb6    0xdf08e ./USB_DEVICE/Target/usbd_conf.o

.comment        0x00000000       0x43
 .comment       0x00000000       0x43 ./Core/Src/adc_control.o
                                 0x44 (size before relaxing)
 .comment       0x00000043       0x44 ./Core/Src/main.o
 .comment       0x00000043       0x44 ./Core/Src/mapPinKey.o
 .comment       0x00000043       0x44 ./Core/Src/stm32f4xx_hal_msp.o
 .comment       0x00000043       0x44 ./Core/Src/stm32f4xx_it.o
 .comment       0x00000043       0x44 ./Core/Src/system_stm32f4xx.o
 .comment       0x00000043       0x44 ./Drivers/STM32F4xx_HAL_Driver/Src/stm32f4xx_hal.o
 .comment       0x00000043       0x44 ./Drivers/STM32F4xx_HAL_Driver/Src/stm32f4xx_hal_adc.o
 .comment       0x00000043       0x44 ./Drivers/STM32F4xx_HAL_Driver/Src/stm32f4xx_hal_adc_ex.o
 .comment       0x00000043       0x44 ./Drivers/STM32F4xx_HAL_Driver/Src/stm32f4xx_hal_cortex.o
 .comment       0x00000043       0x44 ./Drivers/STM32F4xx_HAL_Driver/Src/stm32f4xx_hal_dma.o
 .comment       0x00000043       0x44 ./Drivers/STM32F4xx_HAL_Driver/Src/stm32f4xx_hal_gpio.o
 .comment       0x00000043       0x44 ./Drivers/STM32F4xx_HAL_Driver/Src/stm32f4xx_hal_pcd.o
 .comment       0x00000043       0x44 ./Drivers/STM32F4xx_HAL_Driver/Src/stm32f4xx_hal_pcd_ex.o
 .comment       0x00000043       0x44 ./Drivers/STM32F4xx_HAL_Driver/Src/stm32f4xx_hal_rcc.o
 .comment       0x00000043       0x44 ./Drivers/STM32F4xx_HAL_Driver/Src/stm32f4xx_hal_uart.o
 .comment       0x00000043       0x44 ./Drivers/STM32F4xx_HAL_Driver/Src/stm32f4xx_ll_usb.o
 .comment       0x00000043       0x44 ./Middlewares/ST/STM32_USB_Device_Library/Class/HID/Src/usbd_hid.o
 .comment       0x00000043       0x44 ./Middlewares/ST/STM32_USB_Device_Library/Core/Src/usbd_core.o
 .comment       0x00000043       0x44 ./Middlewares/ST/STM32_USB_Device_Library/Core/Src/usbd_ctlreq.o
 .comment       0x00000043       0x44 ./Middlewares/ST/STM32_USB_Device_Library/Core/Src/usbd_ioreq.o
 .comment       0x00000043       0x44 ./USB_DEVICE/App/usb_device.o
 .comment       0x00000043       0x44 ./USB_DEVICE/App/usbd_desc.o
 .comment       0x00000043       0x44 ./USB_DEVICE/Target/usbd_conf.o

.debug_frame    0x00000000     0x4100
 .debug_frame   0x00000000       0x58 ./Core/Src/adc_control.o
 .debug_frame   0x00000058       0xf4 ./Core/Src/main.o
 .debug_frame   0x0000014c       0xf8 ./Core/Src/mapPinKey.o
 .debug_frame   0x00000244       0xc8 ./Core/Src/stm32f4xx_hal_msp.o
 .debug_frame   0x0000030c      0x158 ./Core/Src/stm32f4xx_it.o
 .debug_frame   0x00000464       0x58 ./Core/Src/system_stm32f4xx.o
 .debug_frame   0x000004bc      0x3b4 ./Drivers/STM32F4xx_HAL_Driver/Src/stm32f4xx_hal.o
 .debug_frame   0x00000870      0x3fc ./Drivers/STM32F4xx_HAL_Driver/Src/stm32f4xx_hal_adc.o
 .debug_frame   0x00000c6c      0x250 ./Drivers/STM32F4xx_HAL_Driver/Src/stm32f4xx_hal_adc_ex.o
 .debug_frame   0x00000ebc      0x508 ./Drivers/STM32F4xx_HAL_Driver/Src/stm32f4xx_hal_cortex.o
 .debug_frame   0x000013c4      0x250 ./Drivers/STM32F4xx_HAL_Driver/Src/stm32f4xx_hal_dma.o
 .debug_frame   0x00001614      0x14c ./Drivers/STM32F4xx_HAL_Driver/Src/stm32f4xx_hal_gpio.o
 .debug_frame   0x00001760      0x5b8 ./Drivers/STM32F4xx_HAL_Driver/Src/stm32f4xx_hal_pcd.o
 .debug_frame   0x00001d18       0xb0 ./Drivers/STM32F4xx_HAL_Driver/Src/stm32f4xx_hal_pcd_ex.o
 .debug_frame   0x00001dc8      0x1f4 ./Drivers/STM32F4xx_HAL_Driver/Src/stm32f4xx_hal_rcc.o
 .debug_frame   0x00001fbc      0x954 ./Drivers/STM32F4xx_HAL_Driver/Src/stm32f4xx_hal_uart.o
 .debug_frame   0x00002910      0x7c0 ./Drivers/STM32F4xx_HAL_Driver/Src/stm32f4xx_ll_usb.o
 .debug_frame   0x000030d0      0x184 ./Middlewares/ST/STM32_USB_Device_Library/Class/HID/Src/usbd_hid.o
 .debug_frame   0x00003254      0x390 ./Middlewares/ST/STM32_USB_Device_Library/Core/Src/usbd_core.o
 .debug_frame   0x000035e4      0x23c ./Middlewares/ST/STM32_USB_Device_Library/Core/Src/usbd_ctlreq.o
 .debug_frame   0x00003820      0x10c ./Middlewares/ST/STM32_USB_Device_Library/Core/Src/usbd_ioreq.o
 .debug_frame   0x0000392c       0x2c ./USB_DEVICE/App/usb_device.o
 .debug_frame   0x00003958      0x160 ./USB_DEVICE/App/usbd_desc.o
 .debug_frame   0x00003ab8      0x47c ./USB_DEVICE/Target/usbd_conf.o
 .debug_frame   0x00003f34       0x20 D:/ProgramData/IDE/STM32CubeIDE_1.17.0/STM32CubeIDE/plugins/com.st.stm32cube.ide.mcu.externaltools.gnu-tools-for-stm32.13.3.rel1.win32_1.0.0.202411081344/tools/bin/../lib/gcc/arm-none-eabi/13.3.1/../../../../arm-none-eabi/lib/thumb/v7e-m+fp/hard\libc_nano.a(libc_a-memset.o)